Archive member included to satisfy reference by file (symbol)

C:/ST/STM32CubeIDE_1.13.2/STM32CubeIDE/plugins/com.st.stm32cube.ide.mcu.externaltools.gnu-tools-for-stm32.11.3.rel1.win32_1.1.1.202309131626/tools/bin/../lib/gcc/arm-none-eabi/11.3.1/../../../../arm-none-eabi/lib/thumb/v7-m/nofp\libc_nano.a(libc_a-exit.o)
                              C:/ST/STM32CubeIDE_1.13.2/STM32CubeIDE/plugins/com.st.stm32cube.ide.mcu.externaltools.gnu-tools-for-stm32.11.3.rel1.win32_1.1.1.202309131626/tools/bin/../lib/gcc/arm-none-eabi/11.3.1/../../../../arm-none-eabi/lib/thumb/v7-m/nofp/crt0.o (exit)
C:/ST/STM32CubeIDE_1.13.2/STM32CubeIDE/plugins/com.st.stm32cube.ide.mcu.externaltools.gnu-tools-for-stm32.11.3.rel1.win32_1.1.1.202309131626/tools/bin/../lib/gcc/arm-none-eabi/11.3.1/../../../../arm-none-eabi/lib/thumb/v7-m/nofp\libc_nano.a(libc_a-findfp.o)
                              C:/ST/STM32CubeIDE_1.13.2/STM32CubeIDE/plugins/com.st.stm32cube.ide.mcu.externaltools.gnu-tools-for-stm32.11.3.rel1.win32_1.1.1.202309131626/tools/bin/../lib/gcc/arm-none-eabi/11.3.1/../../../../arm-none-eabi/lib/thumb/v7-m/nofp\libc_nano.a(libc_a-exit.o) (__stdio_exit_handler)
C:/ST/STM32CubeIDE_1.13.2/STM32CubeIDE/plugins/com.st.stm32cube.ide.mcu.externaltools.gnu-tools-for-stm32.11.3.rel1.win32_1.1.1.202309131626/tools/bin/../lib/gcc/arm-none-eabi/11.3.1/../../../../arm-none-eabi/lib/thumb/v7-m/nofp\libc_nano.a(libc_a-fwalk.o)
                              C:/ST/STM32CubeIDE_1.13.2/STM32CubeIDE/plugins/com.st.stm32cube.ide.mcu.externaltools.gnu-tools-for-stm32.11.3.rel1.win32_1.1.1.202309131626/tools/bin/../lib/gcc/arm-none-eabi/11.3.1/../../../../arm-none-eabi/lib/thumb/v7-m/nofp\libc_nano.a(libc_a-findfp.o) (_fwalk_sglue)
C:/ST/STM32CubeIDE_1.13.2/STM32CubeIDE/plugins/com.st.stm32cube.ide.mcu.externaltools.gnu-tools-for-stm32.11.3.rel1.win32_1.1.1.202309131626/tools/bin/../lib/gcc/arm-none-eabi/11.3.1/../../../../arm-none-eabi/lib/thumb/v7-m/nofp\libc_nano.a(libc_a-sprintf.o)
                              ./Core/Src/TM1637.o (sprintf)
C:/ST/STM32CubeIDE_1.13.2/STM32CubeIDE/plugins/com.st.stm32cube.ide.mcu.externaltools.gnu-tools-for-stm32.11.3.rel1.win32_1.1.1.202309131626/tools/bin/../lib/gcc/arm-none-eabi/11.3.1/../../../../arm-none-eabi/lib/thumb/v7-m/nofp\libc_nano.a(libc_a-stdio.o)
                              C:/ST/STM32CubeIDE_1.13.2/STM32CubeIDE/plugins/com.st.stm32cube.ide.mcu.externaltools.gnu-tools-for-stm32.11.3.rel1.win32_1.1.1.202309131626/tools/bin/../lib/gcc/arm-none-eabi/11.3.1/../../../../arm-none-eabi/lib/thumb/v7-m/nofp\libc_nano.a(libc_a-findfp.o) (__sread)
C:/ST/STM32CubeIDE_1.13.2/STM32CubeIDE/plugins/com.st.stm32cube.ide.mcu.externaltools.gnu-tools-for-stm32.11.3.rel1.win32_1.1.1.202309131626/tools/bin/../lib/gcc/arm-none-eabi/11.3.1/../../../../arm-none-eabi/lib/thumb/v7-m/nofp\libc_nano.a(libc_a-memset.o)
                              C:/ST/STM32CubeIDE_1.13.2/STM32CubeIDE/plugins/com.st.stm32cube.ide.mcu.externaltools.gnu-tools-for-stm32.11.3.rel1.win32_1.1.1.202309131626/tools/bin/../lib/gcc/arm-none-eabi/11.3.1/../../../../arm-none-eabi/lib/thumb/v7-m/nofp/crt0.o (memset)
C:/ST/STM32CubeIDE_1.13.2/STM32CubeIDE/plugins/com.st.stm32cube.ide.mcu.externaltools.gnu-tools-for-stm32.11.3.rel1.win32_1.1.1.202309131626/tools/bin/../lib/gcc/arm-none-eabi/11.3.1/../../../../arm-none-eabi/lib/thumb/v7-m/nofp\libc_nano.a(libc_a-closer.o)
                              C:/ST/STM32CubeIDE_1.13.2/STM32CubeIDE/plugins/com.st.stm32cube.ide.mcu.externaltools.gnu-tools-for-stm32.11.3.rel1.win32_1.1.1.202309131626/tools/bin/../lib/gcc/arm-none-eabi/11.3.1/../../../../arm-none-eabi/lib/thumb/v7-m/nofp\libc_nano.a(libc_a-stdio.o) (_close_r)
C:/ST/STM32CubeIDE_1.13.2/STM32CubeIDE/plugins/com.st.stm32cube.ide.mcu.externaltools.gnu-tools-for-stm32.11.3.rel1.win32_1.1.1.202309131626/tools/bin/../lib/gcc/arm-none-eabi/11.3.1/../../../../arm-none-eabi/lib/thumb/v7-m/nofp\libc_nano.a(libc_a-reent.o)
                              C:/ST/STM32CubeIDE_1.13.2/STM32CubeIDE/plugins/com.st.stm32cube.ide.mcu.externaltools.gnu-tools-for-stm32.11.3.rel1.win32_1.1.1.202309131626/tools/bin/../lib/gcc/arm-none-eabi/11.3.1/../../../../arm-none-eabi/lib/thumb/v7-m/nofp\libc_nano.a(libc_a-closer.o) (errno)
C:/ST/STM32CubeIDE_1.13.2/STM32CubeIDE/plugins/com.st.stm32cube.ide.mcu.externaltools.gnu-tools-for-stm32.11.3.rel1.win32_1.1.1.202309131626/tools/bin/../lib/gcc/arm-none-eabi/11.3.1/../../../../arm-none-eabi/lib/thumb/v7-m/nofp\libc_nano.a(libc_a-impure.o)
                              C:/ST/STM32CubeIDE_1.13.2/STM32CubeIDE/plugins/com.st.stm32cube.ide.mcu.externaltools.gnu-tools-for-stm32.11.3.rel1.win32_1.1.1.202309131626/tools/bin/../lib/gcc/arm-none-eabi/11.3.1/../../../../arm-none-eabi/lib/thumb/v7-m/nofp\libc_nano.a(libc_a-sprintf.o) (_impure_ptr)
[...]
Memory Configuration

Name             Origin             Length             Attributes
RAM              0x0000000020000000 0x0000000000005000 xrw
FLASH            0x0000000008000000 0x0000000000010000 xr
*default*        0x0000000000000000 0xffffffffffffffff

Linker script and memory map

LOAD C:/ST/STM32CubeIDE_1.13.2/STM32CubeIDE/plugins/com.st.stm32cube.ide.mcu.externaltools.gnu-tools-for-stm32.11.3.rel1.win32_1.1.1.202309131626/tools/bin/../lib/gcc/arm-none-eabi/11.3.1/thumb/v7-m/nofp/crti.o
LOAD C:/ST/STM32CubeIDE_1.13.2/STM32CubeIDE/plugins/com.st.stm32cube.ide.mcu.externaltools.gnu-tools-for-stm32.11.3.rel1.win32_1.1.1.202309131626/tools/bin/../lib/gcc/arm-none-eabi/11.3.1/thumb/v7-m/nofp/crtbegin.o
LOAD C:/ST/STM32CubeIDE_1.13.2/STM32CubeIDE/plugins/com.st.stm32cube.ide.mcu.externaltools.gnu-tools-for-stm32.11.3.rel1.win32_1.1.1.202309131626/tools/bin/../lib/gcc/arm-none-eabi/11.3.1/../../../../arm-none-eabi/lib/thumb/v7-m/nofp/crt0.o
LOAD ./Core/Src/TM1637.o
LOAD ./Core/Src/UartRingbuffer.o
LOAD ./Core/Src/dma.o
LOAD ./Core/Src/ds18b20.o
LOAD ./Core/Src/freertos.o
LOAD ./Core/Src/gpio.o
LOAD ./Core/Src/i2c.o
LOAD ./Core/Src/main.o
LOAD ./Core/Src/onewire.o
LOAD ./Core/Src/stm32f1xx_hal_msp.o
LOAD ./Core/Src/stm32f1xx_hal_timebase_tim.o
LOAD ./Core/Src/stm32f1xx_it.o
LOAD ./Core/Src/syscalls.o
LOAD ./Core/Src/sysmem.o
LOAD ./Core/Src/system_stm32f1xx.o
LOAD ./Core/Src/tim.o
LOAD ./Core/Src/usart.o
LOAD ./Core/Startup/startup_stm32f103c8tx.o
LOAD ./Drivers/STM32F1xx_HAL_Driver/stm32f1xx_hal.o
LOAD ./Drivers/STM32F1xx_HAL_Driver/stm32f1xx_hal_cortex.o
LOAD ./Drivers/STM32F1xx_HAL_Driver/stm32f1xx_hal_dma.o
LOAD ./Drivers/STM32F1xx_HAL_Driver/stm32f1xx_hal_exti.o
LOAD ./Drivers/STM32F1xx_HAL_Driver/stm32f1xx_hal_flash.o
LOAD ./Drivers/STM32F1xx_HAL_Driver/stm32f1xx_hal_flash_ex.o
LOAD ./Drivers/STM32F1xx_HAL_Driver/stm32f1xx_hal_gpio.o
LOAD ./Drivers/STM32F1xx_HAL_Driver/stm32f1xx_hal_gpio_ex.o
LOAD ./Drivers/STM32F1xx_HAL_Driver/stm32f1xx_hal_i2c.o
LOAD ./Drivers/STM32F1xx_HAL_Driver/stm32f1xx_hal_pwr.o
LOAD ./Drivers/STM32F1xx_HAL_Driver/stm32f1xx_hal_rcc.o
LOAD ./Drivers/STM32F1xx_HAL_Driver/stm32f1xx_hal_rcc_ex.o
LOAD ./Drivers/STM32F1xx_HAL_Driver/stm32f1xx_hal_tim.o
LOAD ./Drivers/STM32F1xx_HAL_Driver/stm32f1xx_hal_tim_ex.o
LOAD ./Drivers/STM32F1xx_HAL_Driver/stm32f1xx_hal_uart.o
LOAD ./Middlewares/FreeRTOS/cmsis_os2.o
LOAD ./Middlewares/FreeRTOS/croutine.o
LOAD ./Middlewares/FreeRTOS/event_groups.o
LOAD ./Middlewares/FreeRTOS/heap_4.o
LOAD ./Middlewares/FreeRTOS/list.o
LOAD ./Middlewares/FreeRTOS/port.o
LOAD ./Middlewares/FreeRTOS/queue.o
LOAD ./Middlewares/FreeRTOS/stream_buffer.o
LOAD ./Middlewares/FreeRTOS/tasks.o
LOAD ./Middlewares/FreeRTOS/timers.o
START GROUP
LOAD C:/ST/STM32CubeIDE_1.13.2/STM32CubeIDE/plugins/com.st.stm32cube.ide.mcu.externaltools.gnu-tools-for-stm32.11.3.rel1.win32_1.1.1.202309131626/tools/bin/../lib/gcc/arm-none-eabi/11.3.1/../../../../arm-none-eabi/lib/thumb/v7-m/nofp\libc_nano.a
LOAD C:/ST/STM32CubeIDE_1.13.2/STM32CubeIDE/plugins/com.st.stm32cube.ide.mcu.externaltools.gnu-tools-for-stm32.11.3.rel1.win32_1.1.1.202309131626/tools/bin/../lib/gcc/arm-none-eabi/11.3.1/../../../../arm-none-eabi/lib/thumb/v7-m/nofp\libm.a
END GROUP
START GROUP
LOAD C:/ST/STM32CubeIDE_1.13.2/STM32CubeIDE/plugins/com.st.stm32cube.ide.mcu.externaltools.gnu-tools-for-stm32.11.3.rel1.win32_1.1.1.202309131626/tools/bin/../lib/gcc/arm-none-eabi/11.3.1/thumb/v7-m/nofp\libgcc.a
LOAD C:/ST/STM32CubeIDE_1.13.2/STM32CubeIDE/plugins/com.st.stm32cube.ide.mcu.externaltools.gnu-tools-for-stm32.11.3.rel1.win32_1.1.1.202309131626/tools/bin/../lib/gcc/arm-none-eabi/11.3.1/../../../../arm-none-eabi/lib/thumb/v7-m/nofp\libc_nano.a
END GROUP
START GROUP
LOAD C:/ST/STM32CubeIDE_1.13.2/STM32CubeIDE/plugins/com.st.stm32cube.ide.mcu.externaltools.gnu-tools-for-stm32.11.3.rel1.win32_1.1.1.202309131626/tools/bin/../lib/gcc/arm-none-eabi/11.3.1/thumb/v7-m/nofp\libgcc.a
LOAD C:/ST/STM32CubeIDE_1.13.2/STM32CubeIDE/plugins/com.st.stm32cube.ide.mcu.externaltools.gnu-tools-for-stm32.11.3.rel1.win32_1.1.1.202309131626/tools/bin/../lib/gcc/arm-none-eabi/11.3.1/../../../../arm-none-eabi/lib/thumb/v7-m/nofp\libc_nano.a
LOAD C:/ST/STM32CubeIDE_1.13.2/STM32CubeIDE/plugins/com.st.stm32cube.ide.mcu.externaltools.gnu-tools-for-stm32.11.3.rel1.win32_1.1.1.202309131626/tools/bin/../lib/gcc/arm-none-eabi/11.3.1/../../../../arm-none-eabi/lib/thumb/v7-m/nofp\libnosys.a
END GROUP
START GROUP
LOAD C:/ST/STM32CubeIDE_1.13.2/STM32CubeIDE/plugins/com.st.stm32cube.ide.mcu.externaltools.gnu-tools-for-stm32.11.3.rel1.win32_1.1.1.202309131626/tools/bin/../lib/gcc/arm-none-eabi/11.3.1/thumb/v7-m/nofp\libgcc.a
LOAD C:/ST/STM32CubeIDE_1.13.2/STM32CubeIDE/plugins/com.st.stm32cube.ide.mcu.externaltools.gnu-tools-for-stm32.11.3.rel1.win32_1.1.1.202309131626/tools/bin/../lib/gcc/arm-none-eabi/11.3.1/../../../../arm-none-eabi/lib/thumb/v7-m/nofp\libc_nano.a
LOAD C:/ST/STM32CubeIDE_1.13.2/STM32CubeIDE/plugins/com.st.stm32cube.ide.mcu.externaltools.gnu-tools-for-stm32.11.3.rel1.win32_1.1.1.202309131626/tools/bin/../lib/gcc/arm-none-eabi/11.3.1/../../../../arm-none-eabi/lib/thumb/v7-m/nofp\libnosys.a
END GROUP
LOAD C:/ST/STM32CubeIDE_1.13.2/STM32CubeIDE/plugins/com.st.stm32cube.ide.mcu.externaltools.gnu-tools-for-stm32.11.3.rel1.win32_1.1.1.202309131626/tools/bin/../lib/gcc/arm-none-eabi/11.3.1/thumb/v7-m/nofp/crtend.o
LOAD C:/ST/STM32CubeIDE_1.13.2/STM32CubeIDE/plugins/com.st.stm32cube.ide.mcu.externaltools.gnu-tools-for-stm32.11.3.rel1.win32_1.1.1.202309131626/tools/bin/../lib/gcc/arm-none-eabi/11.3.1/thumb/v7-m/nofp/crtn.o
                0x0000000020005000                _estack = (ORIGIN (RAM) + LENGTH (RAM))
                0x0000000000000200                _Min_Heap_Size = 0x200
                0x0000000000000400                _Min_Stack_Size = 0x400

.isr_vector     0x0000000008000000      0x10c
                0x0000000008000000                . = ALIGN (0x4)
 *(.isr_vector)
 .isr_vector    0x0000000008000000      0x10c ./Core/Startup/startup_stm32f103c8tx.o
                0x0000000008000000                g_pfnVectors
                0x000000000800010c                . = ALIGN (0x4)

.text           0x0000000008000110     0x72e4
                0x0000000008000110                . = ALIGN (0x4)
 *(.text)
 .text          0x0000000008000110       0x40 C:/ST/STM32CubeIDE_1.13.2/STM32CubeIDE/plugins/com.st.stm32cube.ide.mcu.externaltools.gnu-tools-for-stm32.11.3.rel1.win32_1.1.1.202309131626/tools/bin/../lib/gcc/arm-none-eabi/11.3.1/thumb/v7-m/nofp/crtbegin.o
 .text          0x0000000008000150      0x168 C:/ST/STM32CubeIDE_1.13.2/STM32CubeIDE/plugins/com.st.stm32cube.ide.mcu.externaltools.gnu-tools-for-stm32.11.3.rel1.win32_1.1.1.202309131626/tools/bin/../lib/gcc/arm-none-eabi/11.3.1/thumb/v7-m/nofp\libgcc.a(_arm_mulsf3.o)
                0x0000000008000150                __aeabi_fmul
                0x0000000008000150                __mulsf3
 .text          0x00000000080002b8      0x21c C:/ST/STM32CubeIDE_1.13.2/STM32CubeIDE/plugins/com.st.stm32cube.ide.mcu.externaltools.gnu-tools-for-stm32.11.3.rel1.win32_1.1.1.202309131626/tools/bin/../lib/gcc/arm-none-eabi/11.3.1/thumb/v7-m/nofp\libgcc.a(_arm_addsubsf3.o)
                0x00000000080002b8                __aeabi_frsub
                0x00000000080002c0                __subsf3
                0x00000000080002c0                __aeabi_fsub
                0x00000000080002c4                __aeabi_fadd
                0x00000000080002c4                __addsf3
                0x0000000008000424                __aeabi_ui2f
                0x0000000008000424                __floatunsisf
                0x000000000800042c                __aeabi_i2f
                0x000000000800042c                __floatsisf
                0x0000000008000448                __aeabi_ul2f
                0x0000000008000448                __floatundisf
                0x0000000008000458                __aeabi_l2f
                0x0000000008000458                __floatdisf
 .text          0x00000000080004d4       0x40 C:/ST/STM32CubeIDE_1.13.2/STM32CubeIDE/plugins/com.st.stm32cube.ide.mcu.externaltools.gnu-tools-for-stm32.11.3.rel1.win32_1.1.1.202309131626/tools/bin/../lib/gcc/arm-none-eabi/11.3.1/thumb/v7-m/nofp\libgcc.a(_arm_fixunssfsi.o)
                0x00000000080004d4                __fixunssfsi
                0x00000000080004d4                __aeabi_f2uiz
 *(.text*)
 .text.tm1637_CLKhigh
                0x0000000008000514       0x2c ./Core/Src/TM1637.o
                0x0000000008000514                tm1637_CLKhigh
 .text.tm1637_CLKlow
                0x0000000008000540       0x2c ./Core/Src/TM1637.o
                0x0000000008000540                tm1637_CLKlow
 .text.tm1637_SDOhigh
                0x000000000800056c       0x2c ./Core/Src/TM1637.o
                0x000000000800056c                tm1637_SDOhigh
 .text.tm1637_SDOlow
                0x0000000008000598       0x2c ./Core/Src/TM1637.o
                0x0000000008000598                tm1637_SDOlow
 .text.tm1637_StartPacket
                0x00000000080005c4       0x18 ./Core/Src/TM1637.o
                0x00000000080005c4                tm1637_StartPacket
 .text.tm1637_EndPacket
                0x00000000080005dc       0x18 ./Core/Src/TM1637.o
                0x00000000080005dc                tm1637_EndPacket
 .text.tm1637_DataOut
                0x00000000080005f4       0x4c ./Core/Src/TM1637.o
                0x00000000080005f4                tm1637_DataOut
 .text.tm1637_TxCommand
                0x0000000008000640       0x78 ./Core/Src/TM1637.o
                0x0000000008000640                tm1637_TxCommand
 .text.tm1637_TxData
                0x00000000080006b8       0x84 ./Core/Src/TM1637.o
                0x00000000080006b8                tm1637_TxData
 .text.tm1637_Initialize
                0x000000000800073c       0x60 ./Core/Src/TM1637.o
                0x000000000800073c                tm1637_Initialize
 .text.tm1637_ACKcheck
                0x000000000800079c       0x30 ./Core/Src/TM1637.o
                0x000000000800079c                tm1637_ACKcheck
 .text.tm1637_DisplayInteger
                0x00000000080007cc       0x64 ./Core/Src/TM1637.o
                0x00000000080007cc                tm1637_DisplayInteger
 .text.tm1637_DisplayHandle
                0x0000000008000830       0x58 ./Core/Src/TM1637.o
                0x0000000008000830                tm1637_DisplayHandle
 .text.tm1637_SetBrighness
                0x0000000008000888       0x86 ./Core/Src/TM1637.o
                0x0000000008000888                tm1637_SetBrighness
 *fill*         0x000000000800090e        0x2 
 .text.char2segments
                0x0000000008000910      0x254 ./Core/Src/TM1637.o
                0x0000000008000910                char2segments
 .text.store_char
                0x0000000008000b64       0x3c ./Core/Src/UartRingbuffer.o
                0x0000000008000b64                store_char
 .text.Uart_isr
                0x0000000008000ba0       0xb4 ./Core/Src/UartRingbuffer.o
                0x0000000008000ba0                Uart_isr
 .text.MX_DMA_Init
                0x0000000008000c54       0x4c ./Core/Src/dma.o
                0x0000000008000c54                MX_DMA_Init
 .text.DS18B20_StartAll
                0x0000000008000ca0       0x24 ./Core/Src/ds18b20.o
                0x0000000008000ca0                DS18B20_StartAll
 .text.DS18B20_Read
                0x0000000008000cc4      0x15c ./Core/Src/ds18b20.o
                0x0000000008000cc4                DS18B20_Read
 .text.DS18B20_SetResolution
                0x0000000008000e20      0x14c ./Core/Src/ds18b20.o
                0x0000000008000e20                DS18B20_SetResolution
 .text.DS18B20_Is
                0x0000000008000f6c       0x20 ./Core/Src/ds18b20.o
                0x0000000008000f6c                DS18B20_Is
 .text.DS18B20_AllDone
                0x0000000008000f8c       0x14 ./Core/Src/ds18b20.o
                0x0000000008000f8c                DS18B20_AllDone
 .text.DS18B20_ReadAll
                0x0000000008000fa0       0x80 ./Core/Src/ds18b20.o
                0x0000000008000fa0                DS18B20_ReadAll
 .text.DS18B20_Init
                0x0000000008001020       0xa4 ./Core/Src/ds18b20.o
                0x0000000008001020                DS18B20_Init
 .text.MX_FREERTOS_Init
                0x00000000080010c4       0x5c ./Core/Src/freertos.o
                0x00000000080010c4                MX_FREERTOS_Init
 .text.task1function
                0x0000000008001120       0x48 ./Core/Src/freertos.o
                0x0000000008001120                task1function
 .text.task2function
                0x0000000008001168       0x12 ./Core/Src/freertos.o
                0x0000000008001168                task2function
 *fill*         0x000000000800117a        0x2 
 .text.StartTask03
                0x000000000800117c       0x5c ./Core/Src/freertos.o
                0x000000000800117c                StartTask03
 .text.MX_GPIO_Init
                0x00000000080011d8       0xbc ./Core/Src/gpio.o
                0x00000000080011d8                MX_GPIO_Init
 .text.MX_I2C1_Init
                0x0000000008001294       0x5c ./Core/Src/i2c.o
                0x0000000008001294                MX_I2C1_Init
 .text.HAL_I2C_MspInit
                0x00000000080012f0       0x7c ./Core/Src/i2c.o
                0x00000000080012f0                HAL_I2C_MspInit
 .text.main     0x000000000800136c       0xb0 ./Core/Src/main.o
                0x000000000800136c                main
 .text.SystemClock_Config
                0x000000000800141c       0x8a ./Core/Src/main.o
                0x000000000800141c                SystemClock_Config
 *fill*         0x00000000080014a6        0x2 
 .text.HAL_TIM_PeriodElapsedCallback
                0x00000000080014a8       0x24 ./Core/Src/main.o
                0x00000000080014a8                HAL_TIM_PeriodElapsedCallback
 .text.Error_Handler
                0x00000000080014cc        0xa ./Core/Src/main.o
                0x00000000080014cc                Error_Handler
 *fill*         0x00000000080014d6        0x2 
 .text.OneWire_Delay
                0x00000000080014d8       0x30 ./Core/Src/onewire.o
                0x00000000080014d8                OneWire_Delay
 .text.OneWire_BusInputDirection
                0x0000000008001508       0x32 ./Core/Src/onewire.o
                0x0000000008001508                OneWire_BusInputDirection
 .text.OneWire_BusOutputDirection
                0x000000000800153a       0x32 ./Core/Src/onewire.o
                0x000000000800153a                OneWire_BusOutputDirection
 .text.OneWire_OutputLow
                0x000000000800156c       0x1e ./Core/Src/onewire.o
                0x000000000800156c                OneWire_OutputLow
 .text.OneWire_OutputHigh
                0x000000000800158a       0x1c ./Core/Src/onewire.o
                0x000000000800158a                OneWire_OutputHigh
 .text.OneWire_Reset
                0x00000000080015a6       0x4e ./Core/Src/onewire.o
                0x00000000080015a6                OneWire_Reset
 .text.OneWire_WriteBit
                0x00000000080015f4       0x58 ./Core/Src/onewire.o
                0x00000000080015f4                OneWire_WriteBit
 .text.OneWire_ReadBit
                0x000000000800164c       0x54 ./Core/Src/onewire.o
                0x000000000800164c                OneWire_ReadBit
 .text.OneWire_WriteByte
                0x00000000080016a0       0x3c ./Core/Src/onewire.o
                0x00000000080016a0                OneWire_WriteByte
 .text.OneWire_ReadByte
                0x00000000080016dc       0x42 ./Core/Src/onewire.o
                0x00000000080016dc                OneWire_ReadByte
 .text.OneWire_ResetSearch
                0x000000000800171e       0x24 ./Core/Src/onewire.o
                0x000000000800171e                OneWire_ResetSearch
 .text.OneWire_Search
                0x0000000008001742      0x18c ./Core/Src/onewire.o
                0x0000000008001742                OneWire_Search
 .text.OneWire_First
                0x00000000080018ce       0x20 ./Core/Src/onewire.o
                0x00000000080018ce                OneWire_First
 .text.OneWire_Next
                0x00000000080018ee       0x1a ./Core/Src/onewire.o
                0x00000000080018ee                OneWire_Next
 .text.OneWire_SelectWithPointer
                0x0000000008001908       0x3e ./Core/Src/onewire.o
                0x0000000008001908                OneWire_SelectWithPointer
 .text.OneWire_GetFullROM
                0x0000000008001946       0x38 ./Core/Src/onewire.o
                0x0000000008001946                OneWire_GetFullROM
 *fill*         0x000000000800197e        0x2 
 .text.OneWire_Init
                0x0000000008001980       0x58 ./Core/Src/onewire.o
                0x0000000008001980                OneWire_Init
 .text.HAL_MspInit
                0x00000000080019d8       0x70 ./Core/Src/stm32f1xx_hal_msp.o
                0x00000000080019d8                HAL_MspInit
 .text.HAL_InitTick
                0x0000000008001a48       0xfc ./Core/Src/stm32f1xx_hal_timebase_tim.o
                0x0000000008001a48                HAL_InitTick
 .text.NMI_Handler
                0x0000000008001b44        0x6 ./Core/Src/stm32f1xx_it.o
                0x0000000008001b44                NMI_Handler
 .text.HardFault_Handler
                0x0000000008001b4a        0x6 ./Core/Src/stm32f1xx_it.o
                0x0000000008001b4a                HardFault_Handler
 .text.MemManage_Handler
                0x0000000008001b50        0x6 ./Core/Src/stm32f1xx_it.o
                0x0000000008001b50                MemManage_Handler
 .text.BusFault_Handler
                0x0000000008001b56        0x6 ./Core/Src/stm32f1xx_it.o
                0x0000000008001b56                BusFault_Handler
 .text.UsageFault_Handler
                0x0000000008001b5c        0x6 ./Core/Src/stm32f1xx_it.o
                0x0000000008001b5c                UsageFault_Handler
 .text.DebugMon_Handler
                0x0000000008001b62        0xc ./Core/Src/stm32f1xx_it.o
                0x0000000008001b62                DebugMon_Handler
 *fill*         0x0000000008001b6e        0x2 
 .text.DMA1_Channel4_IRQHandler
                0x0000000008001b70       0x14 ./Core/Src/stm32f1xx_it.o
                0x0000000008001b70                DMA1_Channel4_IRQHandler
 .text.DMA1_Channel5_IRQHandler
                0x0000000008001b84       0x14 ./Core/Src/stm32f1xx_it.o
                0x0000000008001b84                DMA1_Channel5_IRQHandler
 .text.TIM3_IRQHandler
                0x0000000008001b98       0x14 ./Core/Src/stm32f1xx_it.o
                0x0000000008001b98                TIM3_IRQHandler
 .text.USART1_IRQHandler
                0x0000000008001bac       0x14 ./Core/Src/stm32f1xx_it.o
                0x0000000008001bac                USART1_IRQHandler
 .text._sbrk    0x0000000008001bc0       0x6c ./Core/Src/sysmem.o
                0x0000000008001bc0                _sbrk
 .text.SystemInit
                0x0000000008001c2c        0xc ./Core/Src/system_stm32f1xx.o
                0x0000000008001c2c                SystemInit
 .text.MX_TIM1_Init
                0x0000000008001c38       0xa0 ./Core/Src/tim.o
                0x0000000008001c38                MX_TIM1_Init
 .text.MX_TIM2_Init
                0x0000000008001cd8       0xa4 ./Core/Src/tim.o
                0x0000000008001cd8                MX_TIM2_Init
 .text.HAL_TIM_Base_MspInit
                0x0000000008001d7c       0xa0 ./Core/Src/tim.o
                0x0000000008001d7c                HAL_TIM_Base_MspInit
 .text.MX_USART1_UART_Init
                0x0000000008001e1c       0x54 ./Core/Src/usart.o
                0x0000000008001e1c                MX_USART1_UART_Init
 .text.HAL_UART_MspInit
                0x0000000008001e70      0x158 ./Core/Src/usart.o
                0x0000000008001e70                HAL_UART_MspInit
 .text.Reset_Handler
                0x0000000008001fc8       0x48 ./Core/Startup/startup_stm32f103c8tx.o
                0x0000000008001fc8                Reset_Handler
 .text.Default_Handler
                0x0000000008002010        0x2 ./Core/Startup/startup_stm32f103c8tx.o
                0x0000000008002010                RTC_Alarm_IRQHandler
                0x0000000008002010                EXTI2_IRQHandler
                0x0000000008002010                TIM1_CC_IRQHandler
                0x0000000008002010                PVD_IRQHandler
                0x0000000008002010                EXTI3_IRQHandler
                0x0000000008002010                EXTI0_IRQHandler
                0x0000000008002010                I2C2_EV_IRQHandler
                0x0000000008002010                ADC1_2_IRQHandler
                0x0000000008002010                SPI1_IRQHandler
                0x0000000008002010                TAMPER_IRQHandler
                0x0000000008002010                USART3_IRQHandler
                0x0000000008002010                RTC_IRQHandler
                0x0000000008002010                DMA1_Channel7_IRQHandler
                0x0000000008002010                CAN1_RX1_IRQHandler
                0x0000000008002010                TIM4_IRQHandler
                0x0000000008002010                I2C1_EV_IRQHandler
                0x0000000008002010                DMA1_Channel6_IRQHandler
                0x0000000008002010                RCC_IRQHandler
                0x0000000008002010                TIM1_TRG_COM_IRQHandler
                0x0000000008002010                DMA1_Channel1_IRQHandler
                0x0000000008002010                Default_Handler
                0x0000000008002010                EXTI15_10_IRQHandler
                0x0000000008002010                EXTI9_5_IRQHandler
                0x0000000008002010                SPI2_IRQHandler
                0x0000000008002010                EXTI4_IRQHandler
                0x0000000008002010                USB_LP_CAN1_RX0_IRQHandler
                0x0000000008002010                USB_HP_CAN1_TX_IRQHandler
                0x0000000008002010                DMA1_Channel3_IRQHandler
                0x0000000008002010                TIM1_UP_IRQHandler
                0x0000000008002010                WWDG_IRQHandler
                0x0000000008002010                TIM2_IRQHandler
                0x0000000008002010                TIM1_BRK_IRQHandler
                0x0000000008002010                EXTI1_IRQHandler
                0x0000000008002010                USART2_IRQHandler
                0x0000000008002010                I2C2_ER_IRQHandler
                0x0000000008002010                DMA1_Channel2_IRQHandler
                0x0000000008002010                CAN1_SCE_IRQHandler
                0x0000000008002010                FLASH_IRQHandler
                0x0000000008002010                I2C1_ER_IRQHandler
                0x0000000008002010                USBWakeUp_IRQHandler
 *fill*         0x0000000008002012        0x2 
 .text.HAL_Init
                0x0000000008002014       0x2c ./Drivers/STM32F1xx_HAL_Driver/stm32f1xx_hal.o
                0x0000000008002014                HAL_Init
 .text.HAL_IncTick
                0x0000000008002040       0x24 ./Drivers/STM32F1xx_HAL_Driver/stm32f1xx_hal.o
                0x0000000008002040                HAL_IncTick
 .text.HAL_GetTick
                0x0000000008002064       0x14 ./Drivers/STM32F1xx_HAL_Driver/stm32f1xx_hal.o
                0x0000000008002064                HAL_GetTick
 .text.HAL_Delay
                0x0000000008002078       0x48 ./Drivers/STM32F1xx_HAL_Driver/stm32f1xx_hal.o
                0x0000000008002078                HAL_Delay
 .text.__NVIC_SetPriorityGrouping
                0x00000000080020c0       0x48 ./Drivers/STM32F1xx_HAL_Driver/stm32f1xx_hal_cortex.o
 .text.__NVIC_GetPriorityGrouping
                0x0000000008002108       0x1c ./Drivers/STM32F1xx_HAL_Driver/stm32f1xx_hal_cortex.o
 .text.__NVIC_EnableIRQ
                0x0000000008002124       0x38 ./Drivers/STM32F1xx_HAL_Driver/stm32f1xx_hal_cortex.o
 .text.__NVIC_SetPriority
                0x000000000800215c       0x54 ./Drivers/STM32F1xx_HAL_Driver/stm32f1xx_hal_cortex.o
 .text.NVIC_EncodePriority
                0x00000000080021b0       0x64 ./Drivers/STM32F1xx_HAL_Driver/stm32f1xx_hal_cortex.o
 .text.HAL_NVIC_SetPriorityGrouping
                0x0000000008002214       0x16 ./Drivers/STM32F1xx_HAL_Driver/stm32f1xx_hal_cortex.o
                0x0000000008002214                HAL_NVIC_SetPriorityGrouping
 .text.HAL_NVIC_SetPriority
                0x000000000800222a       0x38 ./Drivers/STM32F1xx_HAL_Driver/stm32f1xx_hal_cortex.o
                0x000000000800222a                HAL_NVIC_SetPriority
 .text.HAL_NVIC_EnableIRQ
                0x0000000008002262       0x1c ./Drivers/STM32F1xx_HAL_Driver/stm32f1xx_hal_cortex.o
                0x0000000008002262                HAL_NVIC_EnableIRQ
 *fill*         0x000000000800227e        0x2 
 .text.HAL_DMA_Init
                0x0000000008002280       0xb4 ./Drivers/STM32F1xx_HAL_Driver/stm32f1xx_hal_dma.o
                0x0000000008002280                HAL_DMA_Init
 .text.HAL_DMA_IRQHandler
                0x0000000008002334      0x20c ./Drivers/STM32F1xx_HAL_Driver/stm32f1xx_hal_dma.o
                0x0000000008002334                HAL_DMA_IRQHandler
 .text.HAL_GPIO_Init
                0x0000000008002540      0x308 ./Drivers/STM32F1xx_HAL_Driver/stm32f1xx_hal_gpio.o
                0x0000000008002540                HAL_GPIO_Init
 .text.HAL_GPIO_ReadPin
                0x0000000008002848       0x2e ./Drivers/STM32F1xx_HAL_Driver/stm32f1xx_hal_gpio.o
                0x0000000008002848                HAL_GPIO_ReadPin
 .text.HAL_GPIO_WritePin
                0x0000000008002876       0x30 ./Drivers/STM32F1xx_HAL_Driver/stm32f1xx_hal_gpio.o
                0x0000000008002876                HAL_GPIO_WritePin
 .text.HAL_GPIO_TogglePin
                0x00000000080028a6       0x32 ./Drivers/STM32F1xx_HAL_Driver/stm32f1xx_hal_gpio.o
                0x00000000080028a6                HAL_GPIO_TogglePin
 .text.HAL_I2C_Init
                0x00000000080028d8      0x288 ./Drivers/STM32F1xx_HAL_Driver/stm32f1xx_hal_i2c.o
                0x00000000080028d8                HAL_I2C_Init
 .text.HAL_RCC_OscConfig
                0x0000000008002b60      0x504 ./Drivers/STM32F1xx_HAL_Driver/stm32f1xx_hal_rcc.o
                0x0000000008002b60                HAL_RCC_OscConfig
 .text.HAL_RCC_ClockConfig
                0x0000000008003064      0x1d4 ./Drivers/STM32F1xx_HAL_Driver/stm32f1xx_hal_rcc.o
                0x0000000008003064                HAL_RCC_ClockConfig
 .text.HAL_RCC_GetSysClockFreq
                0x0000000008003238       0xa8 ./Drivers/STM32F1xx_HAL_Driver/stm32f1xx_hal_rcc.o
                0x0000000008003238                HAL_RCC_GetSysClockFreq
 .text.HAL_RCC_GetHCLKFreq
                0x00000000080032e0       0x14 ./Drivers/STM32F1xx_HAL_Driver/stm32f1xx_hal_rcc.o
                0x00000000080032e0                HAL_RCC_GetHCLKFreq
 .text.HAL_RCC_GetPCLK1Freq
                0x00000000080032f4       0x28 ./Drivers/STM32F1xx_HAL_Driver/stm32f1xx_hal_rcc.o
                0x00000000080032f4                HAL_RCC_GetPCLK1Freq
 .text.HAL_RCC_GetPCLK2Freq
                0x000000000800331c       0x28 ./Drivers/STM32F1xx_HAL_Driver/stm32f1xx_hal_rcc.o
                0x000000000800331c                HAL_RCC_GetPCLK2Freq
 .text.HAL_RCC_GetClockConfig
                0x0000000008003344       0x60 ./Drivers/STM32F1xx_HAL_Driver/stm32f1xx_hal_rcc.o
                0x0000000008003344                HAL_RCC_GetClockConfig
 .text.RCC_Delay
                0x00000000080033a4       0x3c ./Drivers/STM32F1xx_HAL_Driver/stm32f1xx_hal_rcc.o
 .text.HAL_TIM_Base_Init
                0x00000000080033e0       0x9e ./Drivers/STM32F1xx_HAL_Driver/stm32f1xx_hal_tim.o
                0x00000000080033e0                HAL_TIM_Base_Init
 *fill*         0x000000000800347e        0x2 
 .text.HAL_TIM_Base_Start
                0x0000000008003480       0x94 ./Drivers/STM32F1xx_HAL_Driver/stm32f1xx_hal_tim.o
                0x0000000008003480                HAL_TIM_Base_Start
 .text.HAL_TIM_Base_Start_IT
                0x0000000008003514       0xa4 ./Drivers/STM32F1xx_HAL_Driver/stm32f1xx_hal_tim.o
                0x0000000008003514                HAL_TIM_Base_Start_IT
 .text.HAL_TIM_IRQHandler
                0x00000000080035b8      0x210 ./Drivers/STM32F1xx_HAL_Driver/stm32f1xx_hal_tim.o
                0x00000000080035b8                HAL_TIM_IRQHandler
 .text.HAL_TIM_ConfigClockSource
                0x00000000080037c8      0x18e ./Drivers/STM32F1xx_HAL_Driver/stm32f1xx_hal_tim.o
                0x00000000080037c8                HAL_TIM_ConfigClockSource
 .text.HAL_TIM_OC_DelayElapsedCallback
                0x0000000008003956       0x12 ./Drivers/STM32F1xx_HAL_Driver/stm32f1xx_hal_tim.o
                0x0000000008003956                HAL_TIM_OC_DelayElapsedCallback
 .text.HAL_TIM_IC_CaptureCallback
                0x0000000008003968       0x12 ./Drivers/STM32F1xx_HAL_Driver/stm32f1xx_hal_tim.o
                0x0000000008003968                HAL_TIM_IC_CaptureCallback
 .text.HAL_TIM_PWM_PulseFinishedCallback
                0x000000000800397a       0x12 ./Drivers/STM32F1xx_HAL_Driver/stm32f1xx_hal_tim.o
                0x000000000800397a                HAL_TIM_PWM_PulseFinishedCallback
 .text.HAL_TIM_TriggerCallback
                0x000000000800398c       0x12 ./Drivers/STM32F1xx_HAL_Driver/stm32f1xx_hal_tim.o
                0x000000000800398c                HAL_TIM_TriggerCallback
 *fill*         0x000000000800399e        0x2 
 .text.TIM_Base_SetConfig
                0x00000000080039a0       0xc4 ./Drivers/STM32F1xx_HAL_Driver/stm32f1xx_hal_tim.o
                0x00000000080039a0                TIM_Base_SetConfig
 .text.TIM_TI1_ConfigInputStage
                0x0000000008003a64       0x5c ./Drivers/STM32F1xx_HAL_Driver/stm32f1xx_hal_tim.o
 .text.TIM_TI2_ConfigInputStage
                0x0000000008003ac0       0x5e ./Drivers/STM32F1xx_HAL_Driver/stm32f1xx_hal_tim.o
 .text.TIM_ITRx_SetConfig
                0x0000000008003b1e       0x34 ./Drivers/STM32F1xx_HAL_Driver/stm32f1xx_hal_tim.o
 .text.TIM_ETR_SetConfig
                0x0000000008003b52       0x3e ./Drivers/STM32F1xx_HAL_Driver/stm32f1xx_hal_tim.o
                0x0000000008003b52                TIM_ETR_SetConfig
 .text.HAL_TIMEx_MasterConfigSynchronization
                0x0000000008003b90       0xbc ./Drivers/STM32F1xx_HAL_Driver/stm32f1xx_hal_tim_ex.o
                0x0000000008003b90                HAL_TIMEx_MasterConfigSynchronization
 .text.HAL_TIMEx_CommutCallback
                0x0000000008003c4c       0x12 ./Drivers/STM32F1xx_HAL_Driver/stm32f1xx_hal_tim_ex.o
                0x0000000008003c4c                HAL_TIMEx_CommutCallback
 .text.HAL_TIMEx_BreakCallback
                0x0000000008003c5e       0x12 ./Drivers/STM32F1xx_HAL_Driver/stm32f1xx_hal_tim_ex.o
                0x0000000008003c5e                HAL_TIMEx_BreakCallback
 .text.HAL_UART_Init
                0x0000000008003c70       0xa0 ./Drivers/STM32F1xx_HAL_Driver/stm32f1xx_hal_uart.o
                0x0000000008003c70                HAL_UART_Init
 .text.HAL_UART_Transmit
                0x0000000008003d10      0x106 ./Drivers/STM32F1xx_HAL_Driver/stm32f1xx_hal_uart.o
                0x0000000008003d10                HAL_UART_Transmit
 .text.HAL_UART_Receive_IT
                0x0000000008003e16       0x4a ./Drivers/STM32F1xx_HAL_Driver/stm32f1xx_hal_uart.o
                0x0000000008003e16                HAL_UART_Receive_IT
 .text.UART_WaitOnFlagUntilTimeout
                0x0000000008003e60       0xdc ./Drivers/STM32F1xx_HAL_Driver/stm32f1xx_hal_uart.o
 .text.UART_Start_Receive_IT
                0x0000000008003f3c       0x72 ./Drivers/STM32F1xx_HAL_Driver/stm32f1xx_hal_uart.o
                0x0000000008003f3c                UART_Start_Receive_IT
 *fill*         0x0000000008003fae        0x2 
 .text.UART_SetConfig
                0x0000000008003fb0      0x11c ./Drivers/STM32F1xx_HAL_Driver/stm32f1xx_hal_uart.o
 .text.osKernelInitialize
                0x00000000080040cc       0x64 ./Middlewares/FreeRTOS/cmsis_os2.o
                0x00000000080040cc                osKernelInitialize
 .text.osKernelStart
                0x0000000008004130       0x68 ./Middlewares/FreeRTOS/cmsis_os2.o
                0x0000000008004130                osKernelStart
 .text.osThreadNew
                0x0000000008004198      0x154 ./Middlewares/FreeRTOS/cmsis_os2.o
                0x0000000008004198                osThreadNew
 .text.osDelay  0x00000000080042ec       0x5c ./Middlewares/FreeRTOS/cmsis_os2.o
                0x00000000080042ec                osDelay
 .text.vApplicationGetIdleTaskMemory
                0x0000000008004348       0x30 ./Middlewares/FreeRTOS/cmsis_os2.o
                0x0000000008004348                vApplicationGetIdleTaskMemory
 .text.vApplicationGetTimerTaskMemory
                0x0000000008004378       0x34 ./Middlewares/FreeRTOS/cmsis_os2.o
                0x0000000008004378                vApplicationGetTimerTaskMemory
 .text.pvPortMalloc
                0x00000000080043ac      0x188 ./Middlewares/FreeRTOS/heap_4.o
                0x00000000080043ac                pvPortMalloc
 .text.vPortFree
                0x0000000008004534       0xb4 ./Middlewares/FreeRTOS/heap_4.o
                0x0000000008004534                vPortFree
 .text.prvHeapInit
                0x00000000080045e8       0xc4 ./Middlewares/FreeRTOS/heap_4.o
 .text.prvInsertBlockIntoFreeList
                0x00000000080046ac       0xb0 ./Middlewares/FreeRTOS/heap_4.o
 .text.vListInitialise
                0x000000000800475c       0x3e ./Middlewares/FreeRTOS/list.o
                0x000000000800475c                vListInitialise
 .text.vListInitialiseItem
                0x000000000800479a       0x18 ./Middlewares/FreeRTOS/list.o
                0x000000000800479a                vListInitialiseItem
 .text.vListInsertEnd
                0x00000000080047b2       0x46 ./Middlewares/FreeRTOS/list.o
                0x00000000080047b2                vListInsertEnd
 .text.vListInsert
                0x00000000080047f8       0x70 ./Middlewares/FreeRTOS/list.o
                0x00000000080047f8                vListInsert
 .text.uxListRemove
                0x0000000008004868       0x52 ./Middlewares/FreeRTOS/list.o
                0x0000000008004868                uxListRemove
 *fill*         0x00000000080048ba        0x2 
 .text.pxPortInitialiseStack
                0x00000000080048bc       0x58 ./Middlewares/FreeRTOS/port.o
                0x00000000080048bc                pxPortInitialiseStack
 .text.prvTaskExitError
                0x0000000008004914       0x58 ./Middlewares/FreeRTOS/port.o
 *fill*         0x000000000800496c        0x4 
 .text.SVC_Handler
                0x0000000008004970       0x28 ./Middlewares/FreeRTOS/port.o
                0x0000000008004970                SVC_Handler
 .text.prvPortStartFirstTask
                0x0000000008004998       0x20 ./Middlewares/FreeRTOS/port.o
 .text.xPortStartScheduler
                0x00000000080049b8       0xe4 ./Middlewares/FreeRTOS/port.o
                0x00000000080049b8                xPortStartScheduler
 .text.vPortEnterCritical
                0x0000000008004a9c       0x60 ./Middlewares/FreeRTOS/port.o
                0x0000000008004a9c                vPortEnterCritical
 .text.vPortExitCritical
                0x0000000008004afc       0x50 ./Middlewares/FreeRTOS/port.o
                0x0000000008004afc                vPortExitCritical
 *fill*         0x0000000008004b4c        0x4 
 .text.PendSV_Handler
                0x0000000008004b50       0x48 ./Middlewares/FreeRTOS/port.o
                0x0000000008004b50                PendSV_Handler
 .text.SysTick_Handler
                0x0000000008004b98       0x44 ./Middlewares/FreeRTOS/port.o
                0x0000000008004b98                SysTick_Handler
 .text.vPortSetupTimerInterrupt
                0x0000000008004bdc       0x44 ./Middlewares/FreeRTOS/port.o
                0x0000000008004bdc                vPortSetupTimerInterrupt
 .text.vPortValidateInterruptPriority
                0x0000000008004c20       0x7c ./Middlewares/FreeRTOS/port.o
                0x0000000008004c20                vPortValidateInterruptPriority
 .text.xQueueGenericReset
                0x0000000008004c9c       0xd0 ./Middlewares/FreeRTOS/queue.o
                0x0000000008004c9c                xQueueGenericReset
 .text.xQueueGenericCreateStatic
                0x0000000008004d6c       0xee ./Middlewares/FreeRTOS/queue.o
                0x0000000008004d6c                xQueueGenericCreateStatic
 .text.prvInitialiseNewQueue
                0x0000000008004e5a       0x46 ./Middlewares/FreeRTOS/queue.o
 .text.xQueueGenericSend
                0x0000000008004ea0      0x1fc ./Middlewares/FreeRTOS/queue.o
                0x0000000008004ea0                xQueueGenericSend
 .text.xQueueGenericSendFromISR
                0x000000000800509c      0x130 ./Middlewares/FreeRTOS/queue.o
                0x000000000800509c                xQueueGenericSendFromISR
 .text.xQueueReceive
                0x00000000080051cc      0x1c0 ./Middlewares/FreeRTOS/queue.o
                0x00000000080051cc                xQueueReceive
 .text.prvCopyDataToQueue
                0x000000000800538c       0xd4 ./Middlewares/FreeRTOS/queue.o
 .text.prvCopyDataFromQueue
                0x0000000008005460       0x4c ./Middlewares/FreeRTOS/queue.o
 .text.prvUnlockQueue
                0x00000000080054ac       0xa4 ./Middlewares/FreeRTOS/queue.o
 .text.prvIsQueueEmpty
                0x0000000008005550       0x2c ./Middlewares/FreeRTOS/queue.o
 .text.prvIsQueueFull
                0x000000000800557c       0x30 ./Middlewares/FreeRTOS/queue.o
 .text.vQueueAddToRegistry
                0x00000000080055ac       0x50 ./Middlewares/FreeRTOS/queue.o
                0x00000000080055ac                vQueueAddToRegistry
 .text.vQueueWaitForMessageRestricted
                0x00000000080055fc       0x68 ./Middlewares/FreeRTOS/queue.o
                0x00000000080055fc                vQueueWaitForMessageRestricted
 .text.xTaskCreateStatic
                0x0000000008005664       0xb8 ./Middlewares/FreeRTOS/tasks.o
                0x0000000008005664                xTaskCreateStatic
 .text.xTaskCreate
                0x000000000800571c       0x8a ./Middlewares/FreeRTOS/tasks.o
                0x000000000800571c                xTaskCreate
 .text.prvInitialiseNewTask
                0x00000000080057a6      0x10e ./Middlewares/FreeRTOS/tasks.o
 .text.prvAddNewTaskToReadyList
                0x00000000080058b4       0xe0 ./Middlewares/FreeRTOS/tasks.o
 .text.vTaskDelay
                0x0000000008005994       0x68 ./Middlewares/FreeRTOS/tasks.o
                0x0000000008005994                vTaskDelay
 .text.vTaskStartScheduler
                0x00000000080059fc       0xcc ./Middlewares/FreeRTOS/tasks.o
                0x00000000080059fc                vTaskStartScheduler
 .text.vTaskSuspendAll
                0x0000000008005ac8       0x1c ./Middlewares/FreeRTOS/tasks.o
                0x0000000008005ac8                vTaskSuspendAll
 .text.xTaskResumeAll
                0x0000000008005ae4      0x13c ./Middlewares/FreeRTOS/tasks.o
                0x0000000008005ae4                xTaskResumeAll
 .text.xTaskGetTickCount
                0x0000000008005c20       0x1c ./Middlewares/FreeRTOS/tasks.o
                0x0000000008005c20                xTaskGetTickCount
 .text.xTaskIncrementTick
                0x0000000008005c3c      0x17c ./Middlewares/FreeRTOS/tasks.o
                0x0000000008005c3c                xTaskIncrementTick
 .text.vTaskSwitchContext
                0x0000000008005db8       0xb8 ./Middlewares/FreeRTOS/tasks.o
                0x0000000008005db8                vTaskSwitchContext
 .text.vTaskPlaceOnEventList
                0x0000000008005e70       0x48 ./Middlewares/FreeRTOS/tasks.o
                0x0000000008005e70                vTaskPlaceOnEventList
 .text.vTaskPlaceOnEventListRestricted
                0x0000000008005eb8       0x58 ./Middlewares/FreeRTOS/tasks.o
                0x0000000008005eb8                vTaskPlaceOnEventListRestricted
 .text.xTaskRemoveFromEventList
                0x0000000008005f10       0xc8 ./Middlewares/FreeRTOS/tasks.o
                0x0000000008005f10                xTaskRemoveFromEventList
 .text.vTaskInternalSetTimeOutState
                0x0000000008005fd8       0x2c ./Middlewares/FreeRTOS/tasks.o
                0x0000000008005fd8                vTaskInternalSetTimeOutState
 .text.xTaskCheckForTimeOut
                0x0000000008006004       0xc4 ./Middlewares/FreeRTOS/tasks.o
                0x0000000008006004                xTaskCheckForTimeOut
 .text.vTaskMissedYield
                0x00000000080060c8       0x18 ./Middlewares/FreeRTOS/tasks.o
                0x00000000080060c8                vTaskMissedYield
 .text.prvIdleTask
                0x00000000080060e0       0x30 ./Middlewares/FreeRTOS/tasks.o
 .text.prvInitialiseTaskLists
                0x0000000008006110       0x80 ./Middlewares/FreeRTOS/tasks.o
 .text.prvCheckTasksWaitingTermination
                0x0000000008006190       0x5c ./Middlewares/FreeRTOS/tasks.o
 .text.prvDeleteTCB
                0x00000000080061ec       0x5e ./Middlewares/FreeRTOS/tasks.o
 *fill*         0x000000000800624a        0x2 
 .text.prvResetNextTaskUnblockTime
                0x000000000800624c       0x48 ./Middlewares/FreeRTOS/tasks.o
 .text.xTaskGetSchedulerState
                0x0000000008006294       0x3c ./Middlewares/FreeRTOS/tasks.o
                0x0000000008006294                xTaskGetSchedulerState
 .text.xTaskPriorityDisinherit
                0x00000000080062d0       0xdc ./Middlewares/FreeRTOS/tasks.o
                0x00000000080062d0                xTaskPriorityDisinherit
 .text.prvAddCurrentTaskToDelayedList
                0x00000000080063ac       0xa8 ./Middlewares/FreeRTOS/tasks.o
 .text.xTimerCreateTimerTask
                0x0000000008006454       0x90 ./Middlewares/FreeRTOS/timers.o
                0x0000000008006454                xTimerCreateTimerTask
 .text.xTimerGenericCommand
                0x00000000080064e4       0x9c ./Middlewares/FreeRTOS/timers.o
                0x00000000080064e4                xTimerGenericCommand
 .text.prvProcessExpiredTimer
                0x0000000008006580       0x80 ./Middlewares/FreeRTOS/timers.o
 .text.prvTimerTask
                0x0000000008006600       0x24 ./Middlewares/FreeRTOS/timers.o
 .text.prvProcessTimerOrBlockTask
                0x0000000008006624       0x9c ./Middlewares/FreeRTOS/timers.o
 .text.prvGetNextExpireTime
                0x00000000080066c0       0x48 ./Middlewares/FreeRTOS/timers.o
 .text.prvSampleTimeNow
                0x0000000008006708       0x40 ./Middlewares/FreeRTOS/timers.o
 .text.prvInsertTimerInActiveList
                0x0000000008006748       0x84 ./Middlewares/FreeRTOS/timers.o
 .text.prvProcessReceivedCommands
                0x00000000080067cc      0x168 ./Middlewares/FreeRTOS/timers.o
 .text.prvSwitchTimerLists
                0x0000000008006934       0xc4 ./Middlewares/FreeRTOS/timers.o
 .text.prvCheckForValidListAndQueue
                0x00000000080069f8       0x80 ./Middlewares/FreeRTOS/timers.o
 .text.sprintf  0x0000000008006a78       0x40 C:/ST/STM32CubeIDE_1.13.2/STM32CubeIDE/plugins/com.st.stm32cube.ide.mcu.externaltools.gnu-tools-for-stm32.11.3.rel1.win32_1.1.1.202309131626/tools/bin/../lib/gcc/arm-none-eabi/11.3.1/../../../../arm-none-eabi/lib/thumb/v7-m/nofp\libc_nano.a(libc_a-sprintf.o)
                0x0000000008006a78                siprintf
                0x0000000008006a78                sprintf
 .text.memset   0x0000000008006ab8       0x10 C:/ST/STM32CubeIDE_1.13.2/STM32CubeIDE/plugins/com.st.stm32cube.ide.mcu.externaltools.gnu-tools-for-stm32.11.3.rel1.win32_1.1.1.202309131626/tools/bin/../lib/gcc/arm-none-eabi/11.3.1/../../../../arm-none-eabi/lib/thumb/v7-m/nofp\libc_nano.a(libc_a-memset.o)
                0x0000000008006ab8                memset
 .text.__errno  0x0000000008006ac8        0xc C:/ST/STM32CubeIDE_1.13.2/STM32CubeIDE/plugins/com.st.stm32cube.ide.mcu.externaltools.gnu-tools-for-stm32.11.3.rel1.win32_1.1.1.202309131626/tools/bin/../lib/gcc/arm-none-eabi/11.3.1/../../../../arm-none-eabi/lib/thumb/v7-m/nofp\libc_nano.a(libc_a-errno.o)
                0x0000000008006ac8                __errno
 .text.__libc_init_array
                0x0000000008006ad4       0x48 C:/ST/STM32CubeIDE_1.13.2/STM32CubeIDE/plugins/com.st.stm32cube.ide.mcu.externaltools.gnu-tools-for-stm32.11.3.rel1.win32_1.1.1.202309131626/tools/bin/../lib/gcc/arm-none-eabi/11.3.1/../../../../arm-none-eabi/lib/thumb/v7-m/nofp\libc_nano.a(libc_a-init.o)
                0x0000000008006ad4                __libc_init_array
 .text.__retarget_lock_acquire_recursive
                0x0000000008006b1c        0x2 C:/ST/STM32CubeIDE_1.13.2/STM32CubeIDE/plugins/com.st.stm32cube.ide.mcu.externaltools.gnu-tools-for-stm32.11.3.rel1.win32_1.1.1.202309131626/tools/bin/../lib/gcc/arm-none-eabi/11.3.1/../../../../arm-none-eabi/lib/thumb/v7-m/nofp\libc_nano.a(libc_a-lock.o)
                0x0000000008006b1c                __retarget_lock_acquire_recursive
 .text.__retarget_lock_release_recursive
                0x0000000008006b1e        0x2 C:/ST/STM32CubeIDE_1.13.2/STM32CubeIDE/plugins/com.st.stm32cube.ide.mcu.externaltools.gnu-tools-for-stm32.11.3.rel1.win32_1.1.1.202309131626/tools/bin/../lib/gcc/arm-none-eabi/11.3.1/../../../../arm-none-eabi/lib/thumb/v7-m/nofp\libc_nano.a(libc_a-lock.o)
                0x0000000008006b1e                __retarget_lock_release_recursive
 .text.memcpy   0x0000000008006b20       0x1c C:/ST/STM32CubeIDE_1.13.2/STM32CubeIDE/plugins/com.st.stm32cube.ide.mcu.externaltools.gnu-tools-for-stm32.11.3.rel1.win32_1.1.1.202309131626/tools/bin/../lib/gcc/arm-none-eabi/11.3.1/../../../../arm-none-eabi/lib/thumb/v7-m/nofp\libc_nano.a(libc_a-memcpy-stub.o)
                0x0000000008006b20                memcpy
 .text._free_r  0x0000000008006b3c       0x90 C:/ST/STM32CubeIDE_1.13.2/STM32CubeIDE/plugins/com.st.stm32cube.ide.mcu.externaltools.gnu-tools-for-stm32.11.3.rel1.win32_1.1.1.202309131626/tools/bin/../lib/gcc/arm-none-eabi/11.3.1/../../../../arm-none-eabi/lib/thumb/v7-m/nofp\libc_nano.a(libc_a-freer.o)
                0x0000000008006b3c                _free_r
 .text.sbrk_aligned
                0x0000000008006bcc       0x40 C:/ST/STM32CubeIDE_1.13.2/STM32CubeIDE/plugins/com.st.stm32cube.ide.mcu.externaltools.gnu-tools-for-stm32.11.3.rel1.win32_1.1.1.202309131626/tools/bin/../lib/gcc/arm-none-eabi/11.3.1/../../../../arm-none-eabi/lib/thumb/v7-m/nofp\libc_nano.a(libc_a-mallocr.o)
 .text._malloc_r
                0x0000000008006c0c      0x100 C:/ST/STM32CubeIDE_1.13.2/STM32CubeIDE/plugins/com.st.stm32cube.ide.mcu.externaltools.gnu-tools-for-stm32.11.3.rel1.win32_1.1.1.202309131626/tools/bin/../lib/gcc/arm-none-eabi/11.3.1/../../../../arm-none-eabi/lib/thumb/v7-m/nofp\libc_nano.a(libc_a-mallocr.o)
                0x0000000008006c0c                _malloc_r
 .text.__malloc_lock
                0x0000000008006d0c        0xc C:/ST/STM32CubeIDE_1.13.2/STM32CubeIDE/plugins/com.st.stm32cube.ide.mcu.externaltools.gnu-tools-for-stm32.11.3.rel1.win32_1.1.1.202309131626/tools/bin/../lib/gcc/arm-none-eabi/11.3.1/../../../../arm-none-eabi/lib/thumb/v7-m/nofp\libc_nano.a(libc_a-mlock.o)
                0x0000000008006d0c                __malloc_lock
 .text.__malloc_unlock
                0x0000000008006d18        0xc C:/ST/STM32CubeIDE_1.13.2/STM32CubeIDE/plugins/com.st.stm32cube.ide.mcu.externaltools.gnu-tools-for-stm32.11.3.rel1.win32_1.1.1.202309131626/tools/bin/../lib/gcc/arm-none-eabi/11.3.1/../../../../arm-none-eabi/lib/thumb/v7-m/nofp\libc_nano.a(libc_a-mlock.o)
                0x0000000008006d18                __malloc_unlock
 .text.__ssputs_r
                0x0000000008006d24       0xb4 C:/ST/STM32CubeIDE_1.13.2/STM32CubeIDE/plugins/com.st.stm32cube.ide.mcu.externaltools.gnu-tools-for-stm32.11.3.rel1.win32_1.1.1.202309131626/tools/bin/../lib/gcc/arm-none-eabi/11.3.1/../../../../arm-none-eabi/lib/thumb/v7-m/nofp\libc_nano.a(libc_a-nano-svfprintf.o)
                0x0000000008006d24                __ssputs_r
 .text._svfprintf_r
                0x0000000008006dd8      0x1fc C:/ST/STM32CubeIDE_1.13.2/STM32CubeIDE/plugins/com.st.stm32cube.ide.mcu.externaltools.gnu-tools-for-stm32.11.3.rel1.win32_1.1.1.202309131626/tools/bin/../lib/gcc/arm-none-eabi/11.3.1/../../../../arm-none-eabi/lib/thumb/v7-m/nofp\libc_nano.a(libc_a-nano-svfprintf.o)
                0x0000000008006dd8                _svfiprintf_r
                0x0000000008006dd8                _svfprintf_r
 .text._printf_common
                0x0000000008006fd4       0xe4 C:/ST/STM32CubeIDE_1.13.2/STM32CubeIDE/plugins/com.st.stm32cube.ide.mcu.externaltools.gnu-tools-for-stm32.11.3.rel1.win32_1.1.1.202309131626/tools/bin/../lib/gcc/arm-none-eabi/11.3.1/../../../../arm-none-eabi/lib/thumb/v7-m/nofp\libc_nano.a(libc_a-nano-vfprintf_i.o)
                0x0000000008006fd4                _printf_common
 .text._printf_i
                0x00000000080070b8      0x244 C:/ST/STM32CubeIDE_1.13.2/STM32CubeIDE/plugins/com.st.stm32cube.ide.mcu.externaltools.gnu-tools-for-stm32.11.3.rel1.win32_1.1.1.202309131626/tools/bin/../lib/gcc/arm-none-eabi/11.3.1/../../../../arm-none-eabi/lib/thumb/v7-m/nofp\libc_nano.a(libc_a-nano-vfprintf_i.o)
                0x00000000080070b8                _printf_i
 .text.memmove  0x00000000080072fc       0x34 C:/ST/STM32CubeIDE_1.13.2/STM32CubeIDE/plugins/com.st.stm32cube.ide.mcu.externaltools.gnu-tools-for-stm32.11.3.rel1.win32_1.1.1.202309131626/tools/bin/../lib/gcc/arm-none-eabi/11.3.1/../../../../arm-none-eabi/lib/thumb/v7-m/nofp\libc_nano.a(libc_a-memmove.o)
                0x00000000080072fc                memmove
 .text._sbrk_r  0x0000000008007330       0x20 C:/ST/STM32CubeIDE_1.13.2/STM32CubeIDE/plugins/com.st.stm32cube.ide.mcu.externaltools.gnu-tools-for-stm32.11.3.rel1.win32_1.1.1.202309131626/tools/bin/../lib/gcc/arm-none-eabi/11.3.1/../../../../arm-none-eabi/lib/thumb/v7-m/nofp\libc_nano.a(libc_a-sbrkr.o)
                0x0000000008007330                _sbrk_r
 .text.memchr   0x0000000008007350       0x1c C:/ST/STM32CubeIDE_1.13.2/STM32CubeIDE/plugins/com.st.stm32cube.ide.mcu.externaltools.gnu-tools-for-stm32.11.3.rel1.win32_1.1.1.202309131626/tools/bin/../lib/gcc/arm-none-eabi/11.3.1/../../../../arm-none-eabi/lib/thumb/v7-m/nofp\libc_nano.a(libc_a-memchr-stub.o)
                0x0000000008007350                memchr
 .text._realloc_r
                0x000000000800736c       0x5e C:/ST/STM32CubeIDE_1.13.2/STM32CubeIDE/plugins/com.st.stm32cube.ide.mcu.externaltools.gnu-tools-for-stm32.11.3.rel1.win32_1.1.1.202309131626/tools/bin/../lib/gcc/arm-none-eabi/11.3.1/../../../../arm-none-eabi/lib/thumb/v7-m/nofp\libc_nano.a(libc_a-reallocr.o)
                0x000000000800736c                _realloc_r
 .text._malloc_usable_size_r
                0x00000000080073ca       0x10 C:/ST/STM32CubeIDE_1.13.2/STM32CubeIDE/plugins/com.st.stm32cube.ide.mcu.externaltools.gnu-tools-for-stm32.11.3.rel1.win32_1.1.1.202309131626/tools/bin/../lib/gcc/arm-none-eabi/11.3.1/../../../../arm-none-eabi/lib/thumb/v7-m/nofp\libc_nano.a(libc_a-msizer.o)
                0x00000000080073ca                _malloc_usable_size_r
 *(.glue_7)
 .glue_7        0x00000000080073da        0x0 linker stubs
 *(.glue_7t)
 .glue_7t       0x00000000080073da        0x0 linker stubs
 *(.eh_frame)
 *fill*         0x00000000080073da        0x2 
 .eh_frame      0x00000000080073dc        0x0 C:/ST/STM32CubeIDE_1.13.2/STM32CubeIDE/plugins/com.st.stm32cube.ide.mcu.externaltools.gnu-tools-for-stm32.11.3.rel1.win32_1.1.1.202309131626/tools/bin/../lib/gcc/arm-none-eabi/11.3.1/thumb/v7-m/nofp/crtbegin.o
 *(.init)
 .init          0x00000000080073dc        0x4 C:/ST/STM32CubeIDE_1.13.2/STM32CubeIDE/plugins/com.st.stm32cube.ide.mcu.externaltools.gnu-tools-for-stm32.11.3.rel1.win32_1.1.1.202309131626/tools/bin/../lib/gcc/arm-none-eabi/11.3.1/thumb/v7-m/nofp/crti.o
                0x00000000080073dc                _init
 .init          0x00000000080073e0        0x8 C:/ST/STM32CubeIDE_1.13.2/STM32CubeIDE/plugins/com.st.stm32cube.ide.mcu.externaltools.gnu-tools-for-stm32.11.3.rel1.win32_1.1.1.202309131626/tools/bin/../lib/gcc/arm-none-eabi/11.3.1/thumb/v7-m/nofp/crtn.o
 *(.fini)
 .fini          0x00000000080073e8        0x4 C:/ST/STM32CubeIDE_1.13.2/STM32CubeIDE/plugins/com.st.stm32cube.ide.mcu.externaltools.gnu-tools-for-stm32.11.3.rel1.win32_1.1.1.202309131626/tools/bin/../lib/gcc/arm-none-eabi/11.3.1/thumb/v7-m/nofp/crti.o
                0x00000000080073e8                _fini
 .fini          0x00000000080073ec        0x8 C:/ST/STM32CubeIDE_1.13.2/STM32CubeIDE/plugins/com.st.stm32cube.ide.mcu.externaltools.gnu-tools-for-stm32.11.3.rel1.win32_1.1.1.202309131626/tools/bin/../lib/gcc/arm-none-eabi/11.3.1/thumb/v7-m/nofp/crtn.o
                0x00000000080073f4                . = ALIGN (0x4)
                0x00000000080073f4                _etext = .

.vfp11_veneer   0x00000000080073f4        0x0
 .vfp11_veneer  0x00000000080073f4        0x0 linker stubs

.v4_bx          0x00000000080073f4        0x0
 .v4_bx         0x00000000080073f4        0x0 linker stubs

.iplt           0x00000000080073f4        0x0
 .iplt          0x00000000080073f4        0x0 C:/ST/STM32CubeIDE_1.13.2/STM32CubeIDE/plugins/com.st.stm32cube.ide.mcu.externaltools.gnu-tools-for-stm32.11.3.rel1.win32_1.1.1.202309131626/tools/bin/../lib/gcc/arm-none-eabi/11.3.1/thumb/v7-m/nofp/crtbegin.o

.rodata         0x00000000080073f4      0x114
                0x00000000080073f4                . = ALIGN (0x4)
 *(.rodata)
 .rodata        0x00000000080073f4        0x3 ./Core/Src/TM1637.o
 *fill*         0x00000000080073f7        0x1 
 .rodata        0x00000000080073f8       0x2a ./Core/Src/freertos.o
 *fill*         0x0000000008007422        0x2 
 .rodata        0x0000000008007424        0x5 ./Middlewares/FreeRTOS/tasks.o
 *fill*         0x0000000008007429        0x3 
 .rodata        0x000000000800742c        0xd ./Middlewares/FreeRTOS/timers.o
 *(.rodata*)
 *fill*         0x0000000008007439        0x3 
 .rodata.task1_attributes
                0x000000000800743c       0x24 ./Core/Src/freertos.o
                0x000000000800743c                task1_attributes
 .rodata.task2_attributes
                0x0000000008007460       0x24 ./Core/Src/freertos.o
                0x0000000008007460                task2_attributes
 .rodata.task3_attributes
                0x0000000008007484       0x24 ./Core/Src/freertos.o
                0x0000000008007484                task3_attributes
 .rodata.AHBPrescTable
                0x00000000080074a8       0x10 ./Core/Src/system_stm32f1xx.o
                0x00000000080074a8                AHBPrescTable
 .rodata.APBPrescTable
                0x00000000080074b8        0x8 ./Core/Src/system_stm32f1xx.o
                0x00000000080074b8                APBPrescTable
 .rodata.aPLLMULFactorTable.1
                0x00000000080074c0       0x10 ./Drivers/STM32F1xx_HAL_Driver/stm32f1xx_hal_rcc.o
 .rodata.aPredivFactorTable.0
                0x00000000080074d0        0x2 ./Drivers/STM32F1xx_HAL_Driver/stm32f1xx_hal_rcc.o
 .rodata._svfprintf_r.str1.1
                0x00000000080074d2       0x11 C:/ST/STM32CubeIDE_1.13.2/STM32CubeIDE/plugins/com.st.stm32cube.ide.mcu.externaltools.gnu-tools-for-stm32.11.3.rel1.win32_1.1.1.202309131626/tools/bin/../lib/gcc/arm-none-eabi/11.3.1/../../../../arm-none-eabi/lib/thumb/v7-m/nofp\libc_nano.a(libc_a-nano-svfprintf.o)
 .rodata._printf_i.str1.1
                0x00000000080074e3       0x22 C:/ST/STM32CubeIDE_1.13.2/STM32CubeIDE/plugins/com.st.stm32cube.ide.mcu.externaltools.gnu-tools-for-stm32.11.3.rel1.win32_1.1.1.202309131626/tools/bin/../lib/gcc/arm-none-eabi/11.3.1/../../../../arm-none-eabi/lib/thumb/v7-m/nofp\libc_nano.a(libc_a-nano-vfprintf_i.o)
                0x0000000008007508                . = ALIGN (0x4)
 *fill*         0x0000000008007505        0x3 

.rel.dyn        0x0000000008007508        0x0
 .rel.iplt      0x0000000008007508        0x0 C:/ST/STM32CubeIDE_1.13.2/STM32CubeIDE/plugins/com.st.stm32cube.ide.mcu.externaltools.gnu-tools-for-stm32.11.3.rel1.win32_1.1.1.202309131626/tools/bin/../lib/gcc/arm-none-eabi/11.3.1/thumb/v7-m/nofp/crtbegin.o

.ARM.extab      0x0000000008007508        0x0
                0x0000000008007508                . = ALIGN (0x4)
 *(.ARM.extab* .gnu.linkonce.armextab.*)
                0x0000000008007508                . = ALIGN (0x4)

.ARM            0x0000000008007508        0x0
                0x0000000008007508                . = ALIGN (0x4)
                0x0000000008007508                __exidx_start = .
 *(.ARM.exidx*)
                0x0000000008007508                __exidx_end = .
                0x0000000008007508                . = ALIGN (0x4)

.preinit_array  0x0000000008007508        0x0
                0x0000000008007508                . = ALIGN (0x4)
                0x0000000008007508                PROVIDE (__preinit_array_start = .)
 *(.preinit_array*)
                0x0000000008007508                PROVIDE (__preinit_array_end = .)
                0x0000000008007508                . = ALIGN (0x4)

.init_array     0x0000000008007508        0x4
                0x0000000008007508                . = ALIGN (0x4)
                0x0000000008007508                PROVIDE (__init_array_start = .)
 *(SORT_BY_NAME(.init_array.*))
 *(.init_array*)
 .init_array    0x0000000008007508        0x4 C:/ST/STM32CubeIDE_1.13.2/STM32CubeIDE/plugins/com.st.stm32cube.ide.mcu.externaltools.gnu-tools-for-stm32.11.3.rel1.win32_1.1.1.202309131626/tools/bin/../lib/gcc/arm-none-eabi/11.3.1/thumb/v7-m/nofp/crtbegin.o
                0x000000000800750c                PROVIDE (__init_array_end = .)
                0x000000000800750c                . = ALIGN (0x4)

.fini_array     0x000000000800750c        0x4
                0x000000000800750c                . = ALIGN (0x4)
                [!provide]                        PROVIDE (__fini_array_start = .)
 *(SORT_BY_NAME(.fini_array.*))
 *(.fini_array*)
 .fini_array    0x000000000800750c        0x4 C:/ST/STM32CubeIDE_1.13.2/STM32CubeIDE/plugins/com.st.stm32cube.ide.mcu.externaltools.gnu-tools-for-stm32.11.3.rel1.win32_1.1.1.202309131626/tools/bin/../lib/gcc/arm-none-eabi/11.3.1/thumb/v7-m/nofp/crtbegin.o
                [!provide]                        PROVIDE (__fini_array_end = .)
                0x0000000008007510                . = ALIGN (0x4)
                0x0000000008007510                _sidata = LOADADDR (.data)

.data           0x0000000020000000       0x60 load address 0x0000000008007510
                0x0000000020000000                . = ALIGN (0x4)
                0x0000000020000000                _sdata = .
 *(.data)
 *(.data*)
 .data.SystemCoreClock
                0x0000000020000000        0x4 ./Core/Src/system_stm32f1xx.o
                0x0000000020000000                SystemCoreClock
 .data.uwTickPrio
                0x0000000020000004        0x4 ./Drivers/STM32F1xx_HAL_Driver/stm32f1xx_hal.o
                0x0000000020000004                uwTickPrio
 .data.uwTickFreq
                0x0000000020000008        0x1 ./Drivers/STM32F1xx_HAL_Driver/stm32f1xx_hal.o
                0x0000000020000008                uwTickFreq
 *fill*         0x0000000020000009        0x3 
 .data.uxCriticalNesting
                0x000000002000000c        0x4 ./Middlewares/FreeRTOS/port.o
 .data._impure_data
                0x0000000020000010       0x4c C:/ST/STM32CubeIDE_1.13.2/STM32CubeIDE/plugins/com.st.stm32cube.ide.mcu.externaltools.gnu-tools-for-stm32.11.3.rel1.win32_1.1.1.202309131626/tools/bin/../lib/gcc/arm-none-eabi/11.3.1/../../../../arm-none-eabi/lib/thumb/v7-m/nofp\libc_nano.a(libc_a-impure.o)
                0x0000000020000010                _impure_data
 .data._impure_ptr
                0x000000002000005c        0x4 C:/ST/STM32CubeIDE_1.13.2/STM32CubeIDE/plugins/com.st.stm32cube.ide.mcu.externaltools.gnu-tools-for-stm32.11.3.rel1.win32_1.1.1.202309131626/tools/bin/../lib/gcc/arm-none-eabi/11.3.1/../../../../arm-none-eabi/lib/thumb/v7-m/nofp\libc_nano.a(libc_a-impure.o)
                0x000000002000005c                _impure_ptr
 *(.RamFunc)
 *(.RamFunc*)
                0x0000000020000060                . = ALIGN (0x4)
                0x0000000020000060                _edata = .

.igot.plt       0x0000000020000060        0x0 load address 0x0000000008007570
 .igot.plt      0x0000000020000060        0x0 C:/ST/STM32CubeIDE_1.13.2/STM32CubeIDE/plugins/com.st.stm32cube.ide.mcu.externaltools.gnu-tools-for-stm32.11.3.rel1.win32_1.1.1.202309131626/tools/bin/../lib/gcc/arm-none-eabi/11.3.1/thumb/v7-m/nofp/crtbegin.o
                0x0000000020000060                . = ALIGN (0x4)

.bss            0x0000000020000060     0x1db0 load address 0x0000000008007570
                0x0000000020000060                _sbss = .
                0x0000000020000060                __bss_start__ = _sbss
 *(.bss)
 .bss           0x0000000020000060       0x1c C:/ST/STM32CubeIDE_1.13.2/STM32CubeIDE/plugins/com.st.stm32cube.ide.mcu.externaltools.gnu-tools-for-stm32.11.3.rel1.win32_1.1.1.202309131626/tools/bin/../lib/gcc/arm-none-eabi/11.3.1/thumb/v7-m/nofp/crtbegin.o
 *(.bss*)
 .bss.tx_buffer
                0x000000002000007c       0x48 ./Core/Src/UartRingbuffer.o
                0x000000002000007c                tx_buffer
 .bss._rx_buffer
                0x00000000200000c4        0x4 ./Core/Src/UartRingbuffer.o
                0x00000000200000c4                _rx_buffer
 .bss.ds18b20   0x00000000200000c8       0x40 ./Core/Src/ds18b20.o
                0x00000000200000c8                ds18b20
 .bss.OneWire   0x0000000020000108       0x14 ./Core/Src/ds18b20.o
                0x0000000020000108                OneWire
 .bss.TempSensorCount
                0x000000002000011c        0x1 ./Core/Src/ds18b20.o
                0x000000002000011c                TempSensorCount
 .bss.temperature
                0x000000002000011d        0x1 ./Core/Src/freertos.o
                0x000000002000011d                temperature
 *fill*         0x000000002000011e        0x2 
 .bss.string    0x0000000020000120       0x40 ./Core/Src/freertos.o
                0x0000000020000120                string
 .bss.task1Handle
                0x0000000020000160        0x4 ./Core/Src/freertos.o
                0x0000000020000160                task1Handle
 .bss.task2Handle
                0x0000000020000164        0x4 ./Core/Src/freertos.o
                0x0000000020000164                task2Handle
 .bss.task3Handle
                0x0000000020000168        0x4 ./Core/Src/freertos.o
                0x0000000020000168                task3Handle
 .bss.hi2c1     0x000000002000016c       0x54 ./Core/Src/i2c.o
                0x000000002000016c                hi2c1
 .bss.receivedMessage
                0x00000000200001c0        0x6 ./Core/Src/main.o
                0x00000000200001c0                receivedMessage
 *fill*         0x00000000200001c6        0x2 
 .bss.tm1637_Segments
                0x00000000200001c8        0x8 ./Core/Src/main.o
                0x00000000200001c8                tm1637_Segments
 .bss.htim3     0x00000000200001d0       0x48 ./Core/Src/stm32f1xx_hal_timebase_tim.o
                0x00000000200001d0                htim3
 .bss.__sbrk_heap_end
                0x0000000020000218        0x4 ./Core/Src/sysmem.o
 .bss.htim1     0x000000002000021c       0x48 ./Core/Src/tim.o
                0x000000002000021c                htim1
 .bss.htim2     0x0000000020000264       0x48 ./Core/Src/tim.o
                0x0000000020000264                htim2
 .bss.huart1    0x00000000200002ac       0x48 ./Core/Src/usart.o
                0x00000000200002ac                huart1
 .bss.hdma_usart1_tx
                0x00000000200002f4       0x44 ./Core/Src/usart.o
                0x00000000200002f4                hdma_usart1_tx
 .bss.hdma_usart1_rx
                0x0000000020000338       0x44 ./Core/Src/usart.o
                0x0000000020000338                hdma_usart1_rx
 .bss.uwTick    0x000000002000037c        0x4 ./Drivers/STM32F1xx_HAL_Driver/stm32f1xx_hal.o
                0x000000002000037c                uwTick
 .bss.KernelState
                0x0000000020000380        0x4 ./Middlewares/FreeRTOS/cmsis_os2.o
 .bss.Idle_TCB  0x0000000020000384       0x5c ./Middlewares/FreeRTOS/cmsis_os2.o
 .bss.Idle_Stack
                0x00000000200003e0      0x200 ./Middlewares/FreeRTOS/cmsis_os2.o
 .bss.Timer_TCB
                0x00000000200005e0       0x5c ./Middlewares/FreeRTOS/cmsis_os2.o
 .bss.Timer_Stack
                0x000000002000063c      0x400 ./Middlewares/FreeRTOS/cmsis_os2.o
 .bss.ucHeap    0x0000000020000a3c      0xc00 ./Middlewares/FreeRTOS/heap_4.o
 .bss.xStart    0x000000002000163c        0x8 ./Middlewares/FreeRTOS/heap_4.o
 .bss.pxEnd     0x0000000020001644        0x4 ./Middlewares/FreeRTOS/heap_4.o
 .bss.xFreeBytesRemaining
                0x0000000020001648        0x4 ./Middlewares/FreeRTOS/heap_4.o
 .bss.xMinimumEverFreeBytesRemaining
                0x000000002000164c        0x4 ./Middlewares/FreeRTOS/heap_4.o
 .bss.xBlockAllocatedBit
                0x0000000020001650        0x4 ./Middlewares/FreeRTOS/heap_4.o
 .bss.ucMaxSysCallPriority
                0x0000000020001654        0x1 ./Middlewares/FreeRTOS/port.o
 *fill*         0x0000000020001655        0x3 
 .bss.ulMaxPRIGROUPValue
                0x0000000020001658        0x4 ./Middlewares/FreeRTOS/port.o
 .bss.xQueueRegistry
                0x000000002000165c       0x40 ./Middlewares/FreeRTOS/queue.o
                0x000000002000165c                xQueueRegistry
 .bss.pxCurrentTCB
                0x000000002000169c        0x4 ./Middlewares/FreeRTOS/tasks.o
                0x000000002000169c                pxCurrentTCB
 .bss.pxReadyTasksLists
                0x00000000200016a0      0x460 ./Middlewares/FreeRTOS/tasks.o
 .bss.xDelayedTaskList1
                0x0000000020001b00       0x14 ./Middlewares/FreeRTOS/tasks.o
 .bss.xDelayedTaskList2
                0x0000000020001b14       0x14 ./Middlewares/FreeRTOS/tasks.o
 .bss.pxDelayedTaskList
                0x0000000020001b28        0x4 ./Middlewares/FreeRTOS/tasks.o
 .bss.pxOverflowDelayedTaskList
                0x0000000020001b2c        0x4 ./Middlewares/FreeRTOS/tasks.o
 .bss.xPendingReadyList
                0x0000000020001b30       0x14 ./Middlewares/FreeRTOS/tasks.o
 .bss.xTasksWaitingTermination
                0x0000000020001b44       0x14 ./Middlewares/FreeRTOS/tasks.o
 .bss.uxDeletedTasksWaitingCleanUp
                0x0000000020001b58        0x4 ./Middlewares/FreeRTOS/tasks.o
 .bss.xSuspendedTaskList
                0x0000000020001b5c       0x14 ./Middlewares/FreeRTOS/tasks.o
 .bss.uxCurrentNumberOfTasks
                0x0000000020001b70        0x4 ./Middlewares/FreeRTOS/tasks.o
 .bss.xTickCount
                0x0000000020001b74        0x4 ./Middlewares/FreeRTOS/tasks.o
 .bss.uxTopReadyPriority
                0x0000000020001b78        0x4 ./Middlewares/FreeRTOS/tasks.o
 .bss.xSchedulerRunning
                0x0000000020001b7c        0x4 ./Middlewares/FreeRTOS/tasks.o
 .bss.uxPendedTicks
                0x0000000020001b80        0x4 ./Middlewares/FreeRTOS/tasks.o
 .bss.xYieldPending
                0x0000000020001b84        0x4 ./Middlewares/FreeRTOS/tasks.o
 .bss.xNumOfOverflows
                0x0000000020001b88        0x4 ./Middlewares/FreeRTOS/tasks.o
 .bss.uxTaskNumber
                0x0000000020001b8c        0x4 ./Middlewares/FreeRTOS/tasks.o
 .bss.xNextTaskUnblockTime
                0x0000000020001b90        0x4 ./Middlewares/FreeRTOS/tasks.o
 .bss.xIdleTaskHandle
                0x0000000020001b94        0x4 ./Middlewares/FreeRTOS/tasks.o
 .bss.uxSchedulerSuspended
                0x0000000020001b98        0x4 ./Middlewares/FreeRTOS/tasks.o
 .bss.xActiveTimerList1
                0x0000000020001b9c       0x14 ./Middlewares/FreeRTOS/timers.o
 .bss.xActiveTimerList2
                0x0000000020001bb0       0x14 ./Middlewares/FreeRTOS/timers.o
 .bss.pxCurrentTimerList
                0x0000000020001bc4        0x4 ./Middlewares/FreeRTOS/timers.o
 .bss.pxOverflowTimerList
                0x0000000020001bc8        0x4 ./Middlewares/FreeRTOS/timers.o
 .bss.xTimerQueue
                0x0000000020001bcc        0x4 ./Middlewares/FreeRTOS/timers.o
 .bss.xTimerTaskHandle
                0x0000000020001bd0        0x4 ./Middlewares/FreeRTOS/timers.o
 .bss.xLastTime.2
                0x0000000020001bd4        0x4 ./Middlewares/FreeRTOS/timers.o
 .bss.ucStaticTimerQueueStorage.1
                0x0000000020001bd8       0xa0 ./Middlewares/FreeRTOS/timers.o
 .bss.xStaticTimerQueue.0
                0x0000000020001c78       0x50 ./Middlewares/FreeRTOS/timers.o
 .bss.__sf      0x0000000020001cc8      0x138 C:/ST/STM32CubeIDE_1.13.2/STM32CubeIDE/plugins/com.st.stm32cube.ide.mcu.externaltools.gnu-tools-for-stm32.11.3.rel1.win32_1.1.1.202309131626/tools/bin/../lib/gcc/arm-none-eabi/11.3.1/../../../../arm-none-eabi/lib/thumb/v7-m/nofp\libc_nano.a(libc_a-findfp.o)
                0x0000000020001cc8                __sf
 .bss.errno     0x0000000020001e00        0x4 C:/ST/STM32CubeIDE_1.13.2/STM32CubeIDE/plugins/com.st.stm32cube.ide.mcu.externaltools.gnu-tools-for-stm32.11.3.rel1.win32_1.1.1.202309131626/tools/bin/../lib/gcc/arm-none-eabi/11.3.1/../../../../arm-none-eabi/lib/thumb/v7-m/nofp\libc_nano.a(libc_a-reent.o)
                0x0000000020001e00                errno
 .bss.__lock___malloc_recursive_mutex
                0x0000000020001e04        0x1 C:/ST/STM32CubeIDE_1.13.2/STM32CubeIDE/plugins/com.st.stm32cube.ide.mcu.externaltools.gnu-tools-for-stm32.11.3.rel1.win32_1.1.1.202309131626/tools/bin/../lib/gcc/arm-none-eabi/11.3.1/../../../../arm-none-eabi/lib/thumb/v7-m/nofp\libc_nano.a(libc_a-lock.o)
                0x0000000020001e04                __lock___malloc_recursive_mutex
 *fill*         0x0000000020001e05        0x3 
 .bss.__malloc_free_list
                0x0000000020001e08        0x4 C:/ST/STM32CubeIDE_1.13.2/STM32CubeIDE/plugins/com.st.stm32cube.ide.mcu.externaltools.gnu-tools-for-stm32.11.3.rel1.win32_1.1.1.202309131626/tools/bin/../lib/gcc/arm-none-eabi/11.3.1/../../../../arm-none-eabi/lib/thumb/v7-m/nofp\libc_nano.a(libc_a-mallocr.o)
                0x0000000020001e08                __malloc_free_list
 .bss.__malloc_sbrk_start
                0x0000000020001e0c        0x4 C:/ST/STM32CubeIDE_1.13.2/STM32CubeIDE/plugins/com.st.stm32cube.ide.mcu.externaltools.gnu-tools-for-stm32.11.3.rel1.win32_1.1.1.202309131626/tools/bin/../lib/gcc/arm-none-eabi/11.3.1/../../../../arm-none-eabi/lib/thumb/v7-m/nofp\libc_nano.a(libc_a-mallocr.o)
                0x0000000020001e0c                __malloc_sbrk_start
 *(COMMON)
                0x0000000020001e10                . = ALIGN (0x4)
                0x0000000020001e10                _ebss = .
                0x0000000020001e10                __bss_end__ = _ebss

._user_heap_stack
                0x0000000020001e10      0x600 load address 0x0000000008007570
                0x0000000020001e10                . = ALIGN (0x8)
                [!provide]                        PROVIDE (end = .)
                0x0000000020001e10                PROVIDE (_end = .)
                0x0000000020002010                . = (. + _Min_Heap_Size)
 *fill*         0x0000000020001e10      0x200 
                0x0000000020002410                . = (. + _Min_Stack_Size)
 *fill*         0x0000000020002010      0x400 
                0x0000000020002410                . = ALIGN (0x8)

/DISCARD/
 libc.a(*)
 libm.a(*)
 libgcc.a(*)

.ARM.attributes
                0x0000000000000000       0x29
 *(.ARM.attributes)
 .ARM.attributes
                0x0000000000000000       0x1d C:/ST/STM32CubeIDE_1.13.2/STM32CubeIDE/plugins/com.st.stm32cube.ide.mcu.externaltools.gnu-tools-for-stm32.11.3.rel1.win32_1.1.1.202309131626/tools/bin/../lib/gcc/arm-none-eabi/11.3.1/thumb/v7-m/nofp/crti.o
 .ARM.attributes
                0x000000000000001d       0x2d C:/ST/STM32CubeIDE_1.13.2/STM32CubeIDE/plugins/com.st.stm32cube.ide.mcu.externaltools.gnu-tools-for-stm32.11.3.rel1.win32_1.1.1.202309131626/tools/bin/../lib/gcc/arm-none-eabi/11.3.1/thumb/v7-m/nofp/crtbegin.o
 .ARM.attributes
                0x000000000000004a       0x2d ./Core/Src/TM1637.o
 .ARM.attributes
                0x0000000000000077       0x2d ./Core/Src/UartRingbuffer.o
 .ARM.attributes
                0x00000000000000a4       0x2d ./Core/Src/dma.o
 .ARM.attributes
                0x00000000000000d1       0x2d ./Core/Src/ds18b20.o
 .ARM.attributes
                0x00000000000000fe       0x2d ./Core/Src/freertos.o
 .ARM.attributes
                0x000000000000012b       0x2d ./Core/Src/gpio.o
 .ARM.attributes
                0x0000000000000158       0x2d ./Core/Src/i2c.o
 .ARM.attributes
                0x0000000000000185       0x2d ./Core/Src/main.o
 .ARM.attributes
                0x00000000000001b2       0x2d ./Core/Src/onewire.o
 .ARM.attributes
                0x00000000000001df       0x2d ./Core/Src/stm32f1xx_hal_msp.o
 .ARM.attributes
                0x000000000000020c       0x2d ./Core/Src/stm32f1xx_hal_timebase_tim.o
 .ARM.attributes
                0x0000000000000239       0x2d ./Core/Src/stm32f1xx_it.o
 .ARM.attributes
                0x0000000000000266       0x2d ./Core/Src/sysmem.o
 .ARM.attributes
                0x0000000000000293       0x2d ./Core/Src/system_stm32f1xx.o
 .ARM.attributes
                0x00000000000002c0       0x2d ./Core/Src/tim.o
 .ARM.attributes
                0x00000000000002ed       0x2d ./Core/Src/usart.o
 .ARM.attributes
                0x000000000000031a       0x21 ./Core/Startup/startup_stm32f103c8tx.o
 .ARM.attributes
                0x000000000000033b       0x2d ./Drivers/STM32F1xx_HAL_Driver/stm32f1xx_hal.o
 .ARM.attributes
                0x0000000000000368       0x2d ./Drivers/STM32F1xx_HAL_Driver/stm32f1xx_hal_cortex.o
 .ARM.attributes
                0x0000000000000395       0x2d ./Drivers/STM32F1xx_HAL_Driver/stm32f1xx_hal_dma.o
 .ARM.attributes
                0x00000000000003c2       0x2d ./Drivers/STM32F1xx_HAL_Driver/stm32f1xx_hal_gpio.o
 .ARM.attributes
                0x00000000000003ef       0x2d ./Drivers/STM32F1xx_HAL_Driver/stm32f1xx_hal_i2c.o
 .ARM.attributes
                0x000000000000041c       0x2d ./Drivers/STM32F1xx_HAL_Driver/stm32f1xx_hal_rcc.o
 .ARM.attributes
                0x0000000000000449       0x2d ./Drivers/STM32F1xx_HAL_Driver/stm32f1xx_hal_tim.o
 .ARM.attributes
                0x0000000000000476       0x2d ./Drivers/STM32F1xx_HAL_Driver/stm32f1xx_hal_tim_ex.o
 .ARM.attributes
                0x00000000000004a3       0x2d ./Drivers/STM32F1xx_HAL_Driver/stm32f1xx_hal_uart.o
 .ARM.attributes
                0x00000000000004d0       0x2d ./Middlewares/FreeRTOS/cmsis_os2.o
 .ARM.attributes
                0x00000000000004fd       0x2d ./Middlewares/FreeRTOS/heap_4.o
 .ARM.attributes
                0x000000000000052a       0x2d ./Middlewares/FreeRTOS/list.o
 .ARM.attributes
                0x0000000000000557       0x2d ./Middlewares/FreeRTOS/port.o
 .ARM.attributes
                0x0000000000000584       0x2d ./Middlewares/FreeRTOS/queue.o
 .ARM.attributes
                0x00000000000005b1       0x2d ./Middlewares/FreeRTOS/tasks.o
 .ARM.attributes
                0x00000000000005de       0x2d ./Middlewares/FreeRTOS/timers.o
 .ARM.attributes
                0x000000000000060b       0x2d C:/ST/STM32CubeIDE_1.13.2/STM32CubeIDE/plugins/com.st.stm32cube.ide.mcu.externaltools.gnu-tools-for-stm32.11.3.rel1.win32_1.1.1.202309131626/tools/bin/../lib/gcc/arm-none-eabi/11.3.1/../../../../arm-none-eabi/lib/thumb/v7-m/nofp\libc_nano.a(libc_a-findfp.o)
 .ARM.attributes
                0x0000000000000638       0x2d C:/ST/STM32CubeIDE_1.13.2/STM32CubeIDE/plugins/com.st.stm32cube.ide.mcu.externaltools.gnu-tools-for-stm32.11.3.rel1.win32_1.1.1.202309131626/tools/bin/../lib/gcc/arm-none-eabi/11.3.1/../../../../arm-none-eabi/lib/thumb/v7-m/nofp\libc_nano.a(libc_a-sprintf.o)
 .ARM.attributes
                0x0000000000000665       0x2d C:/ST/STM32CubeIDE_1.13.2/STM32CubeIDE/plugins/com.st.stm32cube.ide.mcu.externaltools.gnu-tools-for-stm32.11.3.rel1.win32_1.1.1.202309131626/tools/bin/../lib/gcc/arm-none-eabi/11.3.1/../../../../arm-none-eabi/lib/thumb/v7-m/nofp\libc_nano.a(libc_a-memset.o)
 .ARM.attributes
                0x0000000000000692       0x2d C:/ST/STM32CubeIDE_1.13.2/STM32CubeIDE/plugins/com.st.stm32cube.ide.mcu.externaltools.gnu-tools-for-stm32.11.3.rel1.win32_1.1.1.202309131626/tools/bin/../lib/gcc/arm-none-eabi/11.3.1/../../../../arm-none-eabi/lib/thumb/v7-m/nofp\libc_nano.a(libc_a-reent.o)
 .ARM.attributes
                0x00000000000006bf       0x2d C:/ST/STM32CubeIDE_1.13.2/STM32CubeIDE/plugins/com.st.stm32cube.ide.mcu.externaltools.gnu-tools-for-stm32.11.3.rel1.win32_1.1.1.202309131626/tools/bin/../lib/gcc/arm-none-eabi/11.3.1/../../../../arm-none-eabi/lib/thumb/v7-m/nofp\libc_nano.a(libc_a-impure.o)
 .ARM.attributes
                0x00000000000006ec       0x2d C:/ST/STM32CubeIDE_1.13.2/STM32CubeIDE/plugins/com.st.stm32cube.ide.mcu.externaltools.gnu-tools-for-stm32.11.3.rel1.win32_1.1.1.202309131626/tools/bin/../lib/gcc/arm-none-eabi/11.3.1/../../../../arm-none-eabi/lib/thumb/v7-m/nofp\libc_nano.a(libc_a-errno.o)
 .ARM.attributes
                0x0000000000000719       0x2d C:/ST/STM32CubeIDE_1.13.2/STM32CubeIDE/plugins/com.st.stm32cube.ide.mcu.externaltools.gnu-tools-for-stm32.11.3.rel1.win32_1.1.1.202309131626/tools/bin/../lib/gcc/arm-none-eabi/11.3.1/../../../../arm-none-eabi/lib/thumb/v7-m/nofp\libc_nano.a(libc_a-init.o)
 .ARM.attributes
                0x0000000000000746       0x2d C:/ST/STM32CubeIDE_1.13.2/STM32CubeIDE/plugins/com.st.stm32cube.ide.mcu.externaltools.gnu-tools-for-stm32.11.3.rel1.win32_1.1.1.202309131626/tools/bin/../lib/gcc/arm-none-eabi/11.3.1/../../../../arm-none-eabi/lib/thumb/v7-m/nofp\libc_nano.a(libc_a-lock.o)
 .ARM.attributes
                0x0000000000000773       0x2d C:/ST/STM32CubeIDE_1.13.2/STM32CubeIDE/plugins/com.st.stm32cube.ide.mcu.externaltools.gnu-tools-for-stm32.11.3.rel1.win32_1.1.1.202309131626/tools/bin/../lib/gcc/arm-none-eabi/11.3.1/../../../../arm-none-eabi/lib/thumb/v7-m/nofp\libc_nano.a(libc_a-memcpy-stub.o)
 .ARM.attributes
                0x00000000000007a0       0x2d C:/ST/STM32CubeIDE_1.13.2/STM32CubeIDE/plugins/com.st.stm32cube.ide.mcu.externaltools.gnu-tools-for-stm32.11.3.rel1.win32_1.1.1.202309131626/tools/bin/../lib/gcc/arm-none-eabi/11.3.1/../../../../arm-none-eabi/lib/thumb/v7-m/nofp\libc_nano.a(libc_a-freer.o)
 .ARM.attributes
                0x00000000000007cd       0x2d C:/ST/STM32CubeIDE_1.13.2/STM32CubeIDE/plugins/com.st.stm32cube.ide.mcu.externaltools.gnu-tools-for-stm32.11.3.rel1.win32_1.1.1.202309131626/tools/bin/../lib/gcc/arm-none-eabi/11.3.1/../../../../arm-none-eabi/lib/thumb/v7-m/nofp\libc_nano.a(libc_a-mallocr.o)
 .ARM.attributes
                0x00000000000007fa       0x2d C:/ST/STM32CubeIDE_1.13.2/STM32CubeIDE/plugins/com.st.stm32cube.ide.mcu.externaltools.gnu-tools-for-stm32.11.3.rel1.win32_1.1.1.202309131626/tools/bin/../lib/gcc/arm-none-eabi/11.3.1/../../../../arm-none-eabi/lib/thumb/v7-m/nofp\libc_nano.a(libc_a-mlock.o)
 .ARM.attributes
                0x0000000000000827       0x2d C:/ST/STM32CubeIDE_1.13.2/STM32CubeIDE/plugins/com.st.stm32cube.ide.mcu.externaltools.gnu-tools-for-stm32.11.3.rel1.win32_1.1.1.202309131626/tools/bin/../lib/gcc/arm-none-eabi/11.3.1/../../../../arm-none-eabi/lib/thumb/v7-m/nofp\libc_nano.a(libc_a-nano-svfprintf.o)
 .ARM.attributes
                0x0000000000000854       0x2d C:/ST/STM32CubeIDE_1.13.2/STM32CubeIDE/plugins/com.st.stm32cube.ide.mcu.externaltools.gnu-tools-for-stm32.11.3.rel1.win32_1.1.1.202309131626/tools/bin/../lib/gcc/arm-none-eabi/11.3.1/../../../../arm-none-eabi/lib/thumb/v7-m/nofp\libc_nano.a(libc_a-nano-vfprintf_i.o)
 .ARM.attributes
                0x0000000000000881       0x2d C:/ST/STM32CubeIDE_1.13.2/STM32CubeIDE/plugins/com.st.stm32cube.ide.mcu.externaltools.gnu-tools-for-stm32.11.3.rel1.win32_1.1.1.202309131626/tools/bin/../lib/gcc/arm-none-eabi/11.3.1/../../../../arm-none-eabi/lib/thumb/v7-m/nofp\libc_nano.a(libc_a-memmove.o)
 .ARM.attributes
                0x00000000000008ae       0x2d C:/ST/STM32CubeIDE_1.13.2/STM32CubeIDE/plugins/com.st.stm32cube.ide.mcu.externaltools.gnu-tools-for-stm32.11.3.rel1.win32_1.1.1.202309131626/tools/bin/../lib/gcc/arm-none-eabi/11.3.1/../../../../arm-none-eabi/lib/thumb/v7-m/nofp\libc_nano.a(libc_a-sbrkr.o)
 .ARM.attributes
                0x00000000000008db       0x2d C:/ST/STM32CubeIDE_1.13.2/STM32CubeIDE/plugins/com.st.stm32cube.ide.mcu.externaltools.gnu-tools-for-stm32.11.3.rel1.win32_1.1.1.202309131626/tools/bin/../lib/gcc/arm-none-eabi/11.3.1/../../../../arm-none-eabi/lib/thumb/v7-m/nofp\libc_nano.a(libc_a-memchr-stub.o)
 .ARM.attributes
                0x0000000000000908       0x2d C:/ST/STM32CubeIDE_1.13.2/STM32CubeIDE/plugins/com.st.stm32cube.ide.mcu.externaltools.gnu-tools-for-stm32.11.3.rel1.win32_1.1.1.202309131626/tools/bin/../lib/gcc/arm-none-eabi/11.3.1/../../../../arm-none-eabi/lib/thumb/v7-m/nofp\libc_nano.a(libc_a-reallocr.o)
 .ARM.attributes
                0x0000000000000935       0x2d C:/ST/STM32CubeIDE_1.13.2/STM32CubeIDE/plugins/com.st.stm32cube.ide.mcu.externaltools.gnu-tools-for-stm32.11.3.rel1.win32_1.1.1.202309131626/tools/bin/../lib/gcc/arm-none-eabi/11.3.1/../../../../arm-none-eabi/lib/thumb/v7-m/nofp\libc_nano.a(libc_a-msizer.o)
 .ARM.attributes
                0x0000000000000962       0x1d C:/ST/STM32CubeIDE_1.13.2/STM32CubeIDE/plugins/com.st.stm32cube.ide.mcu.externaltools.gnu-tools-for-stm32.11.3.rel1.win32_1.1.1.202309131626/tools/bin/../lib/gcc/arm-none-eabi/11.3.1/thumb/v7-m/nofp\libgcc.a(_arm_mulsf3.o)
 .ARM.attributes
                0x000000000000097f       0x1d C:/ST/STM32CubeIDE_1.13.2/STM32CubeIDE/plugins/com.st.stm32cube.ide.mcu.externaltools.gnu-tools-for-stm32.11.3.rel1.win32_1.1.1.202309131626/tools/bin/../lib/gcc/arm-none-eabi/11.3.1/thumb/v7-m/nofp\libgcc.a(_arm_addsubsf3.o)
 .ARM.attributes
                0x000000000000099c       0x1d C:/ST/STM32CubeIDE_1.13.2/STM32CubeIDE/plugins/com.st.stm32cube.ide.mcu.externaltools.gnu-tools-for-stm32.11.3.rel1.win32_1.1.1.202309131626/tools/bin/../lib/gcc/arm-none-eabi/11.3.1/thumb/v7-m/nofp\libgcc.a(_arm_fixunssfsi.o)
 .ARM.attributes
                0x00000000000009b9       0x1d C:/ST/STM32CubeIDE_1.13.2/STM32CubeIDE/plugins/com.st.stm32cube.ide.mcu.externaltools.gnu-tools-for-stm32.11.3.rel1.win32_1.1.1.202309131626/tools/bin/../lib/gcc/arm-none-eabi/11.3.1/thumb/v7-m/nofp/crtn.o
OUTPUT(freertos.elf elf32-littlearm)
LOAD linker stubs
LOAD C:/ST/STM32CubeIDE_1.13.2/STM32CubeIDE/plugins/com.st.stm32cube.ide.mcu.externaltools.gnu-tools-for-stm32.11.3.rel1.win32_1.1.1.202309131626/tools/bin/../lib/gcc/arm-none-eabi/11.3.1/../../../../arm-none-eabi/lib/thumb/v7-m/nofp\libc.a
LOAD C:/ST/STM32CubeIDE_1.13.2/STM32CubeIDE/plugins/com.st.stm32cube.ide.mcu.externaltools.gnu-tools-for-stm32.11.3.rel1.win32_1.1.1.202309131626/tools/bin/../lib/gcc/arm-none-eabi/11.3.1/../../../../arm-none-eabi/lib/thumb/v7-m/nofp\libm.a
LOAD C:/ST/STM32CubeIDE_1.13.2/STM32CubeIDE/plugins/com.st.stm32cube.ide.mcu.externaltools.gnu-tools-for-stm32.11.3.rel1.win32_1.1.1.202309131626/tools/bin/../lib/gcc/arm-none-eabi/11.3.1/thumb/v7-m/nofp\libgcc.a

.comment        0x0000000000000000       0x43
 .comment       0x0000000000000000       0x43 C:/ST/STM32CubeIDE_1.13.2/STM32CubeIDE/plugins/com.st.stm32cube.ide.mcu.externaltools.gnu-tools-for-stm32.11.3.rel1.win32_1.1.1.202309131626/tools/bin/../lib/gcc/arm-none-eabi/11.3.1/thumb/v7-m/nofp/crtbegin.o
                                         0x44 (size before relaxing)
 .comment       0x0000000000000043       0x44 ./Core/Src/TM1637.o
 .comment       0x0000000000000043       0x44 ./Core/Src/UartRingbuffer.o
 .comment       0x0000000000000043       0x44 ./Core/Src/dma.o
 .comment       0x0000000000000043       0x44 ./Core/Src/ds18b20.o
 .comment       0x0000000000000043       0x44 ./Core/Src/freertos.o
 .comment       0x0000000000000043       0x44 ./Core/Src/gpio.o
 .comment       0x0000000000000043       0x44 ./Core/Src/i2c.o
 .comment       0x0000000000000043       0x44 ./Core/Src/main.o
 .comment       0x0000000000000043       0x44 ./Core/Src/onewire.o
 .comment       0x0000000000000043       0x44 ./Core/Src/stm32f1xx_hal_msp.o
 .comment       0x0000000000000043       0x44 ./Core/Src/stm32f1xx_hal_timebase_tim.o
 .comment       0x0000000000000043       0x44 ./Core/Src/stm32f1xx_it.o
 .comment       0x0000000000000043       0x44 ./Core/Src/sysmem.o
 .comment       0x0000000000000043       0x44 ./Core/Src/system_stm32f1xx.o
 .comment       0x0000000000000043       0x44 ./Core/Src/tim.o
 .comment       0x0000000000000043       0x44 ./Core/Src/usart.o
 .comment       0x0000000000000043       0x44 ./Drivers/STM32F1xx_HAL_Driver/stm32f1xx_hal.o
 .comment       0x0000000000000043       0x44 ./Drivers/STM32F1xx_HAL_Driver/stm32f1xx_hal_cortex.o
 .comment       0x0000000000000043       0x44 ./Drivers/STM32F1xx_HAL_Driver/stm32f1xx_hal_dma.o
 .comment       0x0000000000000043       0x44 ./Drivers/STM32F1xx_HAL_Driver/stm32f1xx_hal_gpio.o
 .comment       0x0000000000000043       0x44 ./Drivers/STM32F1xx_HAL_Driver/stm32f1xx_hal_i2c.o
 .comment       0x0000000000000043       0x44 ./Drivers/STM32F1xx_HAL_Driver/stm32f1xx_hal_rcc.o
 .comment       0x0000000000000043       0x44 ./Drivers/STM32F1xx_HAL_Driver/stm32f1xx_hal_tim.o
 .comment       0x0000000000000043       0x44 ./Drivers/STM32F1xx_HAL_Driver/stm32f1xx_hal_tim_ex.o
 .comment       0x0000000000000043       0x44 ./Drivers/STM32F1xx_HAL_Driver/stm32f1xx_hal_uart.o
 .comment       0x0000000000000043       0x44 ./Middlewares/FreeRTOS/cmsis_os2.o
 .comment       0x0000000000000043       0x44 ./Middlewares/FreeRTOS/heap_4.o
 .comment       0x0000000000000043       0x44 ./Middlewares/FreeRTOS/list.o
 .comment       0x0000000000000043       0x44 ./Middlewares/FreeRTOS/port.o
 .comment       0x0000000000000043       0x44 ./Middlewares/FreeRTOS/queue.o
 .comment       0x0000000000000043       0x44 ./Middlewares/FreeRTOS/tasks.o
 .comment       0x0000000000000043       0x44 ./Middlewares/FreeRTOS/timers.o

.debug_info     0x0000000000000000    0x1c335
 .debug_info    0x0000000000000000      0x5f1 ./Core/Src/TM1637.o
 .debug_info    0x00000000000005f1      0xa2b ./Core/Src/UartRingbuffer.o
 .debug_info    0x000000000000101c      0x2cf ./Core/Src/dma.o
 .debug_info    0x00000000000012eb      0x60b ./Core/Src/ds18b20.o
 .debug_info    0x00000000000018f6      0xbd9 ./Core/Src/freertos.o
 .debug_info    0x00000000000024cf      0x2b7 ./Core/Src/gpio.o
 .debug_info    0x0000000000002786      0x7e3 ./Core/Src/i2c.o
 .debug_info    0x0000000000002f69      0xd89 ./Core/Src/main.o
 .debug_info    0x0000000000003cf2      0xc7d ./Core/Src/onewire.o
 .debug_info    0x000000000000496f      0x361 ./Core/Src/stm32f1xx_hal_msp.o
 .debug_info    0x0000000000004cd0      0x9a8 ./Core/Src/stm32f1xx_hal_timebase_tim.o
 .debug_info    0x0000000000005678      0x95b ./Core/Src/stm32f1xx_it.o
 .debug_info    0x0000000000005fd3      0x168 ./Core/Src/sysmem.o
 .debug_info    0x000000000000613b      0x222 ./Core/Src/system_stm32f1xx.o
 .debug_info    0x000000000000635d      0x9b7 ./Core/Src/tim.o
 .debug_info    0x0000000000006d14      0x975 ./Core/Src/usart.o
 .debug_info    0x0000000000007689       0x23 ./Core/Startup/startup_stm32f103c8tx.o
 .debug_info    0x00000000000076ac      0x704 ./Drivers/STM32F1xx_HAL_Driver/stm32f1xx_hal.o
 .debug_info    0x0000000000007db0      0xa87 ./Drivers/STM32F1xx_HAL_Driver/stm32f1xx_hal_cortex.o
 .debug_info    0x0000000000008837      0x6d2 ./Drivers/STM32F1xx_HAL_Driver/stm32f1xx_hal_dma.o
 .debug_info    0x0000000000008f09      0x5ab ./Drivers/STM32F1xx_HAL_Driver/stm32f1xx_hal_gpio.o
 .debug_info    0x00000000000094b4     0x2515 ./Drivers/STM32F1xx_HAL_Driver/stm32f1xx_hal_i2c.o
 .debug_info    0x000000000000b9c9      0x7d5 ./Drivers/STM32F1xx_HAL_Driver/stm32f1xx_hal_rcc.o
 .debug_info    0x000000000000c19e     0x293b ./Drivers/STM32F1xx_HAL_Driver/stm32f1xx_hal_tim.o
 .debug_info    0x000000000000ead9     0x149b ./Drivers/STM32F1xx_HAL_Driver/stm32f1xx_hal_tim_ex.o
 .debug_info    0x000000000000ff74     0x2fa8 ./Drivers/STM32F1xx_HAL_Driver/stm32f1xx_hal_uart.o
 .debug_info    0x0000000000012f1c     0x39bf ./Middlewares/FreeRTOS/cmsis_os2.o
 .debug_info    0x00000000000168db      0x3c3 ./Middlewares/FreeRTOS/heap_4.o
 .debug_info    0x0000000000016c9e      0x2aa ./Middlewares/FreeRTOS/list.o
 .debug_info    0x0000000000016f48      0x494 ./Middlewares/FreeRTOS/port.o
 .debug_info    0x00000000000173dc     0x1abf ./Middlewares/FreeRTOS/queue.o
 .debug_info    0x0000000000018e9b     0x20e5 ./Middlewares/FreeRTOS/tasks.o
 .debug_info    0x000000000001af80     0x13b5 ./Middlewares/FreeRTOS/timers.o

.debug_abbrev   0x0000000000000000     0x4931
 .debug_abbrev  0x0000000000000000      0x237 ./Core/Src/TM1637.o
 .debug_abbrev  0x0000000000000237      0x335 ./Core/Src/UartRingbuffer.o
 .debug_abbrev  0x000000000000056c       0xfc ./Core/Src/dma.o
 .debug_abbrev  0x0000000000000668      0x2bf ./Core/Src/ds18b20.o
 .debug_abbrev  0x0000000000000927      0x23a ./Core/Src/freertos.o
 .debug_abbrev  0x0000000000000b61      0x13f ./Core/Src/gpio.o
 .debug_abbrev  0x0000000000000ca0      0x1de ./Core/Src/i2c.o
 .debug_abbrev  0x0000000000000e7e      0x272 ./Core/Src/main.o
 .debug_abbrev  0x00000000000010f0      0x312 ./Core/Src/onewire.o
 .debug_abbrev  0x0000000000001402      0x11c ./Core/Src/stm32f1xx_hal_msp.o
 .debug_abbrev  0x000000000000151e      0x1f3 ./Core/Src/stm32f1xx_hal_timebase_tim.o
 .debug_abbrev  0x0000000000001711      0x19d ./Core/Src/stm32f1xx_it.o
 .debug_abbrev  0x00000000000018ae       0xbc ./Core/Src/sysmem.o
 .debug_abbrev  0x000000000000196a      0x13f ./Core/Src/system_stm32f1xx.o
 .debug_abbrev  0x0000000000001aa9      0x226 ./Core/Src/tim.o
 .debug_abbrev  0x0000000000001ccf      0x21b ./Core/Src/usart.o
 .debug_abbrev  0x0000000000001eea       0x12 ./Core/Startup/startup_stm32f103c8tx.o
 .debug_abbrev  0x0000000000001efc      0x201 ./Drivers/STM32F1xx_HAL_Driver/stm32f1xx_hal.o
 .debug_abbrev  0x00000000000020fd      0x2f8 ./Drivers/STM32F1xx_HAL_Driver/stm32f1xx_hal_cortex.o
 .debug_abbrev  0x00000000000023f5      0x20b ./Drivers/STM32F1xx_HAL_Driver/stm32f1xx_hal_dma.o
 .debug_abbrev  0x0000000000002600      0x1ca ./Drivers/STM32F1xx_HAL_Driver/stm32f1xx_hal_gpio.o
 .debug_abbrev  0x00000000000027ca      0x2a3 ./Drivers/STM32F1xx_HAL_Driver/stm32f1xx_hal_i2c.o
 .debug_abbrev  0x0000000000002a6d      0x2b3 ./Drivers/STM32F1xx_HAL_Driver/stm32f1xx_hal_rcc.o
 .debug_abbrev  0x0000000000002d20      0x277 ./Drivers/STM32F1xx_HAL_Driver/stm32f1xx_hal_tim.o
 .debug_abbrev  0x0000000000002f97      0x282 ./Drivers/STM32F1xx_HAL_Driver/stm32f1xx_hal_tim_ex.o
 .debug_abbrev  0x0000000000003219      0x2f8 ./Drivers/STM32F1xx_HAL_Driver/stm32f1xx_hal_uart.o
 .debug_abbrev  0x0000000000003511      0x433 ./Middlewares/FreeRTOS/cmsis_os2.o
 .debug_abbrev  0x0000000000003944      0x205 ./Middlewares/FreeRTOS/heap_4.o
 .debug_abbrev  0x0000000000003b49       0xf5 ./Middlewares/FreeRTOS/list.o
 .debug_abbrev  0x0000000000003c3e      0x258 ./Middlewares/FreeRTOS/port.o
 .debug_abbrev  0x0000000000003e96      0x3ce ./Middlewares/FreeRTOS/queue.o
 .debug_abbrev  0x0000000000004264      0x385 ./Middlewares/FreeRTOS/tasks.o
 .debug_abbrev  0x00000000000045e9      0x348 ./Middlewares/FreeRTOS/timers.o

.debug_aranges  0x0000000000000000     0x1960
 .debug_aranges
                0x0000000000000000       0xa0 ./Core/Src/TM1637.o
 .debug_aranges
                0x00000000000000a0       0x88 ./Core/Src/UartRingbuffer.o
 .debug_aranges
                0x0000000000000128       0x20 ./Core/Src/dma.o
 .debug_aranges
                0x0000000000000148       0x80 ./Core/Src/ds18b20.o
 .debug_aranges
                0x00000000000001c8       0x38 ./Core/Src/freertos.o
 .debug_aranges
                0x0000000000000200       0x20 ./Core/Src/gpio.o
 .debug_aranges
                0x0000000000000220       0x30 ./Core/Src/i2c.o
 .debug_aranges
                0x0000000000000250       0x40 ./Core/Src/main.o
 .debug_aranges
                0x0000000000000290       0xb0 ./Core/Src/onewire.o
 .debug_aranges
                0x0000000000000340       0x20 ./Core/Src/stm32f1xx_hal_msp.o
 .debug_aranges
                0x0000000000000360       0x30 ./Core/Src/stm32f1xx_hal_timebase_tim.o
 .debug_aranges
                0x0000000000000390       0x68 ./Core/Src/stm32f1xx_it.o
 .debug_aranges
                0x00000000000003f8       0x20 ./Core/Src/sysmem.o
 .debug_aranges
                0x0000000000000418       0x28 ./Core/Src/system_stm32f1xx.o
 .debug_aranges
                0x0000000000000440       0x38 ./Core/Src/tim.o
 .debug_aranges
                0x0000000000000478       0x30 ./Core/Src/usart.o
 .debug_aranges
                0x00000000000004a8       0x28 ./Core/Startup/startup_stm32f103c8tx.o
 .debug_aranges
                0x00000000000004d0       0xe0 ./Drivers/STM32F1xx_HAL_Driver/stm32f1xx_hal.o
 .debug_aranges
                0x00000000000005b0      0x100 ./Drivers/STM32F1xx_HAL_Driver/stm32f1xx_hal_cortex.o
 .debug_aranges
                0x00000000000006b0       0x80 ./Drivers/STM32F1xx_HAL_Driver/stm32f1xx_hal_dma.o
 .debug_aranges
                0x0000000000000730       0x58 ./Drivers/STM32F1xx_HAL_Driver/stm32f1xx_hal_gpio.o
 .debug_aranges
                0x0000000000000788      0x2a8 ./Drivers/STM32F1xx_HAL_Driver/stm32f1xx_hal_i2c.o
 .debug_aranges
                0x0000000000000a30       0x90 ./Drivers/STM32F1xx_HAL_Driver/stm32f1xx_hal_rcc.o
 .debug_aranges
                0x0000000000000ac0      0x3d0 ./Drivers/STM32F1xx_HAL_Driver/stm32f1xx_hal_tim.o
 .debug_aranges
                0x0000000000000e90      0x168 ./Drivers/STM32F1xx_HAL_Driver/stm32f1xx_hal_tim_ex.o
 .debug_aranges
                0x0000000000000ff8      0x208 ./Drivers/STM32F1xx_HAL_Driver/stm32f1xx_hal_uart.o
 .debug_aranges
                0x0000000000001200      0x228 ./Middlewares/FreeRTOS/cmsis_os2.o
 .debug_aranges
                0x0000000000001428       0x50 ./Middlewares/FreeRTOS/heap_4.o
 .debug_aranges
                0x0000000000001478       0x40 ./Middlewares/FreeRTOS/list.o
 .debug_aranges